Copyright 1986-2022 Xilinx, Inc. All Rights Reserved. Copyright 2022-2026 Advanced Micro Devices, Inc. All Rights Reserved.
--------------------------------------------------------------------------------------------------------------------------------------------------
| Tool Version      : Vivado v.2026.1 (lin64) Build 6511674 Tue Jun 16 11:01:26 MDT 2026
| Date              : Mon Aug 31 19:07:36 2026
| Host              : hannes-x470aorusultragaming running 64-bit Ubuntu 26.04.1 LTS
| Command           : report_timing_summary -delay_type max -max_paths 8 -nworst 2 -file timing.rpt
| Design            : rot45_probe_top
| Device            : xcku5p-ffva676
| Speed File        : -1  PRODUCTION 1.29 05-01-2022
| Design State      : Synthesized
| Temperature Grade : E
--------------------------------------------------------------------------------------------------------------------------------------------------

Timing Summary Report

------------------------------------------------------------------------------------------------
| Timer Settings
| --------------
------------------------------------------------------------------------------------------------

  Enable Multi Corner Analysis               :  Yes
  Enable Pessimism Removal                   :  Yes
  Pessimism Removal Resolution               :  Nearest Common Node
  Enable Input Delay Default Clock           :  No
  Enable Preset / Clear Arcs                 :  No
  Disable Flight Delays                      :  No
  Ignore I/O Paths                           :  No
  Timing Early Launch at Borrowing Latches   :  No
  Borrow Time for Max Delay Exceptions       :  Yes
  Merge Timing Exceptions                    :  Yes
  Inter-SLR Compensation                     :  Conservative

  Corner  Analyze    Analyze    
  Name    Max Paths  Min Paths  
  ------  ---------  ---------  
  Slow    Yes        Yes        
  Fast    Yes        Yes        


------------------------------------------------------------------------------------------------
| Report Methodology
| ------------------
------------------------------------------------------------------------------------------------

No report available as report_methodology has not been run prior. Run report_methodology on the current design for the summary of methodology violations.



check_timing report

Table of Contents
-----------------
1. checking no_clock (0)
2. checking constant_clock (0)
3. checking pulse_width_clock (0)
4. checking unconstrained_internal_endpoints (0)
5. checking no_input_delay (37)
6. checking no_output_delay (36)
7. checking multiple_clock (0)
8. checking generated_clocks (0)
9. checking loops (0)
10. checking partial_input_delay (0)
11. checking partial_output_delay (0)
12. checking latch_loops (0)

1. checking no_clock (0)
------------------------
 There are 0 register/latch pins with no clock.


2. checking constant_clock (0)
------------------------------
 There are 0 register/latch pins with constant_clock.


3. checking pulse_width_clock (0)
---------------------------------
 There are 0 register/latch pins which need pulse_width check


4. checking unconstrained_internal_endpoints (0)
------------------------------------------------
 There are 0 pins that are not constrained for maximum delay.

 There are 0 pins that are not constrained for maximum delay due to constant clock.


5. checking no_input_delay (37)
-------------------------------
 There are 37 input ports with no input delay specified. (HIGH)

 There are 0 input ports with no input delay but user has a false path constraint.


6. checking no_output_delay (36)
--------------------------------
 There are 36 ports with no output delay specified. (HIGH)

 There are 0 ports with no output delay but user has a false path constraint

 There are 0 ports with no output delay but with a timing clock defined on it or propagating through it


7. checking multiple_clock (0)
------------------------------
 There are 0 register/latch pins with multiple clocks.


8. checking generated_clocks (0)
--------------------------------
 There are 0 generated clocks that are not connected to a clock source.


9. checking loops (0)
---------------------
 There are 0 combinational loops in the design.


10. checking partial_input_delay (0)
------------------------------------
 There are 0 input ports with partial input delay specified.


11. checking partial_output_delay (0)
-------------------------------------
 There are 0 ports with partial output delay specified.


12. checking latch_loops (0)
----------------------------
 There are 0 combinational latch loops in the design through latch input



------------------------------------------------------------------------------------------------
| Design Timing Summary
| ---------------------
------------------------------------------------------------------------------------------------

    WNS(ns)      TNS(ns)  TNS Failing Endpoints  TNS Total Endpoints     WPWS(ns)     TPWS(ns)  TPWS Failing Endpoints  TPWS Total Endpoints  
    -------      -------  ---------------------  -------------------     --------     --------  ----------------------  --------------------  
      0.687        0.000                      0                  364        0.501        0.000                       0                   489  


All user specified timing constraints are met.


------------------------------------------------------------------------------------------------
| Clock Summary
| -------------
------------------------------------------------------------------------------------------------

Clock  Waveform(ns)         Period(ns)      Frequency(MHz)
-----  ------------         ----------      --------------
clk    {0.000 1.000}        2.000           500.000         


------------------------------------------------------------------------------------------------
| Intra Clock Table
| -----------------
------------------------------------------------------------------------------------------------

Clock             WNS(ns)      TNS(ns)  TNS Failing Endpoints  TNS Total Endpoints     WPWS(ns)     TPWS(ns)  TPWS Failing Endpoints  TPWS Total Endpoints  
-----             -------      -------  ---------------------  -------------------     --------     --------  ----------------------  --------------------  
clk                 0.687        0.000                      0                  364        0.501        0.000                       0                   489  


------------------------------------------------------------------------------------------------
| Inter Clock Table
| -----------------
------------------------------------------------------------------------------------------------

From Clock    To Clock          WNS(ns)      TNS(ns)  TNS Failing Endpoints  TNS Total Endpoints  
----------    --------          -------      -------  ---------------------  -------------------  


------------------------------------------------------------------------------------------------
| Other Path Groups Table
| -----------------------
------------------------------------------------------------------------------------------------

Path Group    From Clock    To Clock          WNS(ns)      TNS(ns)  TNS Failing Endpoints  TNS Total Endpoints  
----------    ----------    --------          -------      -------  ---------------------  -------------------  


------------------------------------------------------------------------------------------------
| Timing Details
| --------------
------------------------------------------------------------------------------------------------


---------------------------------------------------------------------------------------------------
From Clock:  clk
  To Clock:  clk

Setup :            0  Failing Endpoints,  Worst Slack        0.687ns,  Total Violation        0.000ns
Hold  :           NA  Failing Endpoints,  Worst Slack           NA  ,  Total Violation           NA
PW    :            0  Failing Endpoints,  Worst Slack        0.501ns,  Total Violation        0.000ns
---------------------------------------------------------------------------------------------------


Max Delay Paths
--------------------------------------------------------------------------------------
Slack (MET) :             0.687ns  (required time - arrival time)
  Source:                 u0/lo_re_reg[12]/C
                            (rising edge-triggered cell FDRE clocked by clk  {rise@0.000ns fall@1.000ns period=2.000ns})
  Destination:            u0/a_s_reg[33]/D
                            (rising edge-triggered cell FDRE clocked by clk  {rise@0.000ns fall@1.000ns period=2.000ns})
  Path Group:             clk
  Path Type:              Setup (Max at Slow Process Corner)
  Requirement:            2.000ns  (clk rise@2.000ns - clk rise@0.000ns)
  Data Path Delay:        1.160ns  (logic 0.637ns (54.914%)  route 0.523ns (45.086%))
  Logic Levels:           5  (CARRY8=3 LUT2=1 LUT4=1)
  Clock Path Skew:        -0.145ns (DCD - SCD + CPR)
    Destination Clock Delay (DCD):    2.944ns = ( 4.944 - 2.000 ) 
    Source Clock Delay      (SCD):    3.390ns
    Clock Pessimism Removal (CPR):    0.301ns
  Clock Uncertainty:      0.035ns  ((TSJ^2 + TIJ^2)^1/2 + DJ) / 2 + PE
    Total System Jitter     (TSJ):    0.071ns
    Total Input Jitter      (TIJ):    0.000ns
    Discrete Jitter          (DJ):    0.000ns
    Phase Error              (PE):    0.000ns

    Location             Delay type                Incr(ns)  Path(ns)    Netlist Resource(s)
  -------------------------------------------------------------------    -------------------
                         (clock clk rise edge)        0.000     0.000 r  <hidden>
                                                      0.000     0.000 r  clk
                         net (fo=0)                   0.000     0.000    clk_IBUF_inst/I
                         INBUF (Prop_INBUF_PAD_O)     0.609     0.609 r  clk_IBUF_inst/INBUF_INST/O
                         net (fo=1, unplaced)         0.000     0.609    clk_IBUF_inst/OUT
                         IBUFCTRL (Prop_IBUFCTRL_I_O)
                                                      0.000     0.609 r  clk_IBUF_inst/IBUFCTRL_INST/O
                         net (fo=1, unplaced)         0.169     0.778    clk_IBUF
                         BUFGCE (Prop_BUFGCE_I_O)     0.028     0.806 r  clk_IBUF_BUFG_inst/O
                         net (fo=488, unplaced)       2.584     3.390    u0/CLK
                         FDRE                                         r  u0/lo_re_reg[12]/C
  -------------------------------------------------------------------    -------------------
                         FDRE (Prop_FDRE_C_Q)         0.093     3.483 r  u0/lo_re_reg[12]/Q
                         net (fo=21, unplaced)        0.208     3.691    u0/lo_re[6]
                         LUT2 (Prop_LUT2_I1_O)        0.085     3.776 r  u0/a_s0__0_carry__0_i_7/O
                         net (fo=2, unplaced)         0.245     4.021    u0/a_s0__0_carry__0_i_7_n_0
                         LUT4 (Prop_LUT4_I3_O)        0.039     4.060 r  u0/a_s0__0_carry__0_i_15/O
                         net (fo=1, unplaced)         0.025     4.085    u0/a_s0__0_carry__0_i_15_n_0
                         CARRY8 (Prop_CARRY8_S[1]_CO[7])
                                                      0.245     4.330 r  u0/a_s0__0_carry__0/CO[7]
                         net (fo=1, unplaced)         0.007     4.337    u0/a_s0__0_carry__0_n_0
                         CARRY8 (Prop_CARRY8_CI_CO[7])
                                                      0.030     4.367 r  u0/a_s0__0_carry__1/CO[7]
                         net (fo=1, unplaced)         0.007     4.374    u0/a_s0__0_carry__1_n_0
                         CARRY8 (Prop_CARRY8_CI_O[5])
                                                      0.145     4.519 r  u0/a_s0__0_carry__2/O[5]
                         net (fo=1, unplaced)         0.031     4.550    u0/a_s0__0_carry__2_n_10
                         FDRE                                         r  u0/a_s_reg[33]/D
  -------------------------------------------------------------------    -------------------

                         (clock clk rise edge)        2.000     2.000 r  <hidden>
                                                      0.000     2.000 r  clk
                         net (fo=0)                   0.000     2.000    clk_IBUF_inst/I
                         INBUF (Prop_INBUF_PAD_O)     0.341     2.341 r  clk_IBUF_inst/INBUF_INST/O
                         net (fo=1, unplaced)         0.000     2.341    clk_IBUF_inst/OUT
                         IBUFCTRL (Prop_IBUFCTRL_I_O)
                                                      0.000     2.341 r  clk_IBUF_inst/IBUFCTRL_INST/O
                         net (fo=1, unplaced)         0.140     2.481    clk_IBUF
                         BUFGCE (Prop_BUFGCE_I_O)     0.024     2.505 r  clk_IBUF_BUFG_inst/O
                         net (fo=488, unplaced)       2.439     4.944    u0/CLK
                         FDRE                                         r  u0/a_s_reg[33]/C
                         clock pessimism              0.301     5.245    <hidden>
                         clock uncertainty           -0.035     5.209    <hidden>
                         FDRE (Setup_FDRE_C_D)        0.027     5.236    u0/a_s_reg[33]
  -------------------------------------------------------------------
                         required time                          5.236    <hidden>
                         arrival time                          -4.550    <hidden>
  -------------------------------------------------------------------
                         slack                                  0.687    <hidden>

Slack (MET) :             0.687ns  (required time - arrival time)
  Source:                 u0/lo_re_reg[12]/C
                            (rising edge-triggered cell FDRE clocked by clk  {rise@0.000ns fall@1.000ns period=2.000ns})
  Destination:            u0/a_s_reg[33]/D
                            (rising edge-triggered cell FDRE clocked by clk  {rise@0.000ns fall@1.000ns period=2.000ns})
  Path Group:             clk
  Path Type:              Setup (Max at Slow Process Corner)
  Requirement:            2.000ns  (clk rise@2.000ns - clk rise@0.000ns)
  Data Path Delay:        1.160ns  (logic 0.637ns (54.914%)  route 0.523ns (45.086%))
  Logic Levels:           5  (CARRY8=3 LUT2=1 LUT4=1)
  Clock Path Skew:        -0.145ns (DCD - SCD + CPR)
    Destination Clock Delay (DCD):    2.944ns = ( 4.944 - 2.000 ) 
    Source Clock Delay      (SCD):    3.390ns
    Clock Pessimism Removal (CPR):    0.301ns
  Clock Uncertainty:      0.035ns  ((TSJ^2 + TIJ^2)^1/2 + DJ) / 2 + PE
    Total System Jitter     (TSJ):    0.071ns
    Total Input Jitter      (TIJ):    0.000ns
    Discrete Jitter          (DJ):    0.000ns
    Phase Error              (PE):    0.000ns

    Location             Delay type                Incr(ns)  Path(ns)    Netlist Resource(s)
  -------------------------------------------------------------------    -------------------
                         (clock clk rise edge)        0.000     0.000 r  <hidden>
                                                      0.000     0.000 r  clk
                         net (fo=0)                   0.000     0.000    clk_IBUF_inst/I
                         INBUF (Prop_INBUF_PAD_O)     0.609     0.609 r  clk_IBUF_inst/INBUF_INST/O
                         net (fo=1, unplaced)         0.000     0.609    clk_IBUF_inst/OUT
                         IBUFCTRL (Prop_IBUFCTRL_I_O)
                                                      0.000     0.609 r  clk_IBUF_inst/IBUFCTRL_INST/O
                         net (fo=1, unplaced)         0.169     0.778    clk_IBUF
                         BUFGCE (Prop_BUFGCE_I_O)     0.028     0.806 r  clk_IBUF_BUFG_inst/O
                         net (fo=488, unplaced)       2.584     3.390    u0/CLK
                         FDRE                                         r  u0/lo_re_reg[12]/C
  -------------------------------------------------------------------    -------------------
                         FDRE (Prop_FDRE_C_Q)         0.093     3.483 r  u0/lo_re_reg[12]/Q
                         net (fo=21, unplaced)        0.208     3.691    u0/lo_re[6]
                         LUT2 (Prop_LUT2_I1_O)        0.085     3.776 r  u0/a_s0__0_carry__0_i_7/O
                         net (fo=2, unplaced)         0.245     4.021    u0/a_s0__0_carry__0_i_7_n_0
                         LUT4 (Prop_LUT4_I3_O)        0.039     4.060 f  u0/a_s0__0_carry__0_i_15/O
                         net (fo=1, unplaced)         0.025     4.085    u0/a_s0__0_carry__0_i_15_n_0
                         CARRY8 (Prop_CARRY8_S[1]_CO[7])
                                                      0.245     4.330 r  u0/a_s0__0_carry__0/CO[7]
                         net (fo=1, unplaced)         0.007     4.337    u0/a_s0__0_carry__0_n_0
                         CARRY8 (Prop_CARRY8_CI_CO[7])
                                                      0.030     4.367 r  u0/a_s0__0_carry__1/CO[7]
                         net (fo=1, unplaced)         0.007     4.374    u0/a_s0__0_carry__1_n_0
                         CARRY8 (Prop_CARRY8_CI_O[5])
                                                      0.145     4.519 r  u0/a_s0__0_carry__2/O[5]
                         net (fo=1, unplaced)         0.031     4.550    u0/a_s0__0_carry__2_n_10
                         FDRE                                         r  u0/a_s_reg[33]/D
  -------------------------------------------------------------------    -------------------

                         (clock clk rise edge)        2.000     2.000 r  <hidden>
                                                      0.000     2.000 r  clk
                         net (fo=0)                   0.000     2.000    clk_IBUF_inst/I
                         INBUF (Prop_INBUF_PAD_O)     0.341     2.341 r  clk_IBUF_inst/INBUF_INST/O
                         net (fo=1, unplaced)         0.000     2.341    clk_IBUF_inst/OUT
                         IBUFCTRL (Prop_IBUFCTRL_I_O)
                                                      0.000     2.341 r  clk_IBUF_inst/IBUFCTRL_INST/O
                         net (fo=1, unplaced)         0.140     2.481    clk_IBUF
                         BUFGCE (Prop_BUFGCE_I_O)     0.024     2.505 r  clk_IBUF_BUFG_inst/O
                         net (fo=488, unplaced)       2.439     4.944    u0/CLK
                         FDRE                                         r  u0/a_s_reg[33]/C
                         clock pessimism              0.301     5.245    <hidden>
                         clock uncertainty           -0.035     5.209    <hidden>
                         FDRE (Setup_FDRE_C_D)        0.027     5.236    u0/a_s_reg[33]
  -------------------------------------------------------------------
                         required time                          5.236    <hidden>
                         arrival time                          -4.550    <hidden>
  -------------------------------------------------------------------
                         slack                                  0.687    <hidden>

Slack (MET) :             0.687ns  (required time - arrival time)
  Source:                 u0/lo_im_reg[12]/C
                            (rising edge-triggered cell FDRE clocked by clk  {rise@0.000ns fall@1.000ns period=2.000ns})
  Destination:            u0/b_s_reg[33]/D
                            (rising edge-triggered cell FDRE clocked by clk  {rise@0.000ns fall@1.000ns period=2.000ns})
  Path Group:             clk
  Path Type:              Setup (Max at Slow Process Corner)
  Requirement:            2.000ns  (clk rise@2.000ns - clk rise@0.000ns)
  Data Path Delay:        1.160ns  (logic 0.637ns (54.914%)  route 0.523ns (45.086%))
  Logic Levels:           5  (CARRY8=3 LUT2=1 LUT4=1)
  Clock Path Skew:        -0.145ns (DCD - SCD + CPR)
    Destination Clock Delay (DCD):    2.944ns = ( 4.944 - 2.000 ) 
    Source Clock Delay      (SCD):    3.390ns
    Clock Pessimism Removal (CPR):    0.301ns
  Clock Uncertainty:      0.035ns  ((TSJ^2 + TIJ^2)^1/2 + DJ) / 2 + PE
    Total System Jitter     (TSJ):    0.071ns
    Total Input Jitter      (TIJ):    0.000ns
    Discrete Jitter          (DJ):    0.000ns
    Phase Error              (PE):    0.000ns

    Location             Delay type                Incr(ns)  Path(ns)    Netlist Resource(s)
  -------------------------------------------------------------------    -------------------
                         (clock clk rise edge)        0.000     0.000 r  <hidden>
                                                      0.000     0.000 r  clk
                         net (fo=0)                   0.000     0.000    clk_IBUF_inst/I
                         INBUF (Prop_INBUF_PAD_O)     0.609     0.609 r  clk_IBUF_inst/INBUF_INST/O
                         net (fo=1, unplaced)         0.000     0.609    clk_IBUF_inst/OUT
                         IBUFCTRL (Prop_IBUFCTRL_I_O)
                                                      0.000     0.609 r  clk_IBUF_inst/IBUFCTRL_INST/O
                         net (fo=1, unplaced)         0.169     0.778    clk_IBUF
                         BUFGCE (Prop_BUFGCE_I_O)     0.028     0.806 r  clk_IBUF_BUFG_inst/O
                         net (fo=488, unplaced)       2.584     3.390    u0/CLK
                         FDRE                                         r  u0/lo_im_reg[12]/C
  -------------------------------------------------------------------    -------------------
                         FDRE (Prop_FDRE_C_Q)         0.093     3.483 r  u0/lo_im_reg[12]/Q
                         net (fo=21, unplaced)        0.208     3.691    u0/lo_im[6]
                         LUT2 (Prop_LUT2_I1_O)        0.085     3.776 r  u0/b_s0__0_carry__0_i_7/O
                         net (fo=2, unplaced)         0.245     4.021    u0/b_s0__0_carry__0_i_7_n_0
                         LUT4 (Prop_LUT4_I3_O)        0.039     4.060 r  u0/b_s0__0_carry__0_i_15/O
                         net (fo=1, unplaced)         0.025     4.085    u0/b_s0__0_carry__0_i_15_n_0
                         CARRY8 (Prop_CARRY8_S[1]_CO[7])
                                                      0.245     4.330 r  u0/b_s0__0_carry__0/CO[7]
                         net (fo=1, unplaced)         0.007     4.337    u0/b_s0__0_carry__0_n_0
                         CARRY8 (Prop_CARRY8_CI_CO[7])
                                                      0.030     4.367 r  u0/b_s0__0_carry__1/CO[7]
                         net (fo=1, unplaced)         0.007     4.374    u0/b_s0__0_carry__1_n_0
                         CARRY8 (Prop_CARRY8_CI_O[5])
                                                      0.145     4.519 r  u0/b_s0__0_carry__2/O[5]
                         net (fo=1, unplaced)         0.031     4.550    u0/b_s0__0_carry__2_n_10
                         FDRE                                         r  u0/b_s_reg[33]/D
  -------------------------------------------------------------------    -------------------

                         (clock clk rise edge)        2.000     2.000 r  <hidden>
                                                      0.000     2.000 r  clk
                         net (fo=0)                   0.000     2.000    clk_IBUF_inst/I
                         INBUF (Prop_INBUF_PAD_O)     0.341     2.341 r  clk_IBUF_inst/INBUF_INST/O
                         net (fo=1, unplaced)         0.000     2.341    clk_IBUF_inst/OUT
                         IBUFCTRL (Prop_IBUFCTRL_I_O)
                                                      0.000     2.341 r  clk_IBUF_inst/IBUFCTRL_INST/O
                         net (fo=1, unplaced)         0.140     2.481    clk_IBUF
                         BUFGCE (Prop_BUFGCE_I_O)     0.024     2.505 r  clk_IBUF_BUFG_inst/O
                         net (fo=488, unplaced)       2.439     4.944    u0/CLK
                         FDRE                                         r  u0/b_s_reg[33]/C
                         clock pessimism              0.301     5.245    <hidden>
                         clock uncertainty           -0.035     5.209    <hidden>
                         FDRE (Setup_FDRE_C_D)        0.027     5.236    u0/b_s_reg[33]
  -------------------------------------------------------------------
                         required time                          5.236    <hidden>
                         arrival time                          -4.550    <hidden>
  -------------------------------------------------------------------
                         slack                                  0.687    <hidden>

Slack (MET) :             0.687ns  (required time - arrival time)
  Source:                 u0/lo_im_reg[12]/C
                            (rising edge-triggered cell FDRE clocked by clk  {rise@0.000ns fall@1.000ns period=2.000ns})
  Destination:            u0/b_s_reg[33]/D
                            (rising edge-triggered cell FDRE clocked by clk  {rise@0.000ns fall@1.000ns period=2.000ns})
  Path Group:             clk
  Path Type:              Setup (Max at Slow Process Corner)
  Requirement:            2.000ns  (clk rise@2.000ns - clk rise@0.000ns)
  Data Path Delay:        1.160ns  (logic 0.637ns (54.914%)  route 0.523ns (45.086%))
  Logic Levels:           5  (CARRY8=3 LUT2=1 LUT4=1)
  Clock Path Skew:        -0.145ns (DCD - SCD + CPR)
    Destination Clock Delay (DCD):    2.944ns = ( 4.944 - 2.000 ) 
    Source Clock Delay      (SCD):    3.390ns
    Clock Pessimism Removal (CPR):    0.301ns
  Clock Uncertainty:      0.035ns  ((TSJ^2 + TIJ^2)^1/2 + DJ) / 2 + PE
    Total System Jitter     (TSJ):    0.071ns
    Total Input Jitter      (TIJ):    0.000ns
    Discrete Jitter          (DJ):    0.000ns
    Phase Error              (PE):    0.000ns

    Location             Delay type                Incr(ns)  Path(ns)    Netlist Resource(s)
  -------------------------------------------------------------------    -------------------
                         (clock clk rise edge)        0.000     0.000 r  <hidden>
                                                      0.000     0.000 r  clk
                         net (fo=0)                   0.000     0.000    clk_IBUF_inst/I
                         INBUF (Prop_INBUF_PAD_O)     0.609     0.609 r  clk_IBUF_inst/INBUF_INST/O
                         net (fo=1, unplaced)         0.000     0.609    clk_IBUF_inst/OUT
                         IBUFCTRL (Prop_IBUFCTRL_I_O)
                                                      0.000     0.609 r  clk_IBUF_inst/IBUFCTRL_INST/O
                         net (fo=1, unplaced)         0.169     0.778    clk_IBUF
                         BUFGCE (Prop_BUFGCE_I_O)     0.028     0.806 r  clk_IBUF_BUFG_inst/O
                         net (fo=488, unplaced)       2.584     3.390    u0/CLK
                         FDRE                                         r  u0/lo_im_reg[12]/C
  -------------------------------------------------------------------    -------------------
                         FDRE (Prop_FDRE_C_Q)         0.093     3.483 r  u0/lo_im_reg[12]/Q
                         net (fo=21, unplaced)        0.208     3.691    u0/lo_im[6]
                         LUT2 (Prop_LUT2_I1_O)        0.085     3.776 r  u0/b_s0__0_carry__0_i_7/O
                         net (fo=2, unplaced)         0.245     4.021    u0/b_s0__0_carry__0_i_7_n_0
                         LUT4 (Prop_LUT4_I3_O)        0.039     4.060 f  u0/b_s0__0_carry__0_i_15/O
                         net (fo=1, unplaced)         0.025     4.085    u0/b_s0__0_carry__0_i_15_n_0
                         CARRY8 (Prop_CARRY8_S[1]_CO[7])
                                                      0.245     4.330 r  u0/b_s0__0_carry__0/CO[7]
                         net (fo=1, unplaced)         0.007     4.337    u0/b_s0__0_carry__0_n_0
                         CARRY8 (Prop_CARRY8_CI_CO[7])
                                                      0.030     4.367 r  u0/b_s0__0_carry__1/CO[7]
                         net (fo=1, unplaced)         0.007     4.374    u0/b_s0__0_carry__1_n_0
                         CARRY8 (Prop_CARRY8_CI_O[5])
                                                      0.145     4.519 r  u0/b_s0__0_carry__2/O[5]
                         net (fo=1, unplaced)         0.031     4.550    u0/b_s0__0_carry__2_n_10
                         FDRE                                         r  u0/b_s_reg[33]/D
  -------------------------------------------------------------------    -------------------

                         (clock clk rise edge)        2.000     2.000 r  <hidden>
                                                      0.000     2.000 r  clk
                         net (fo=0)                   0.000     2.000    clk_IBUF_inst/I
                         INBUF (Prop_INBUF_PAD_O)     0.341     2.341 r  clk_IBUF_inst/INBUF_INST/O
                         net (fo=1, unplaced)         0.000     2.341    clk_IBUF_inst/OUT
                         IBUFCTRL (Prop_IBUFCTRL_I_O)
                                                      0.000     2.341 r  clk_IBUF_inst/IBUFCTRL_INST/O
                         net (fo=1, unplaced)         0.140     2.481    clk_IBUF
                         BUFGCE (Prop_BUFGCE_I_O)     0.024     2.505 r  clk_IBUF_BUFG_inst/O
                         net (fo=488, unplaced)       2.439     4.944    u0/CLK
                         FDRE                                         r  u0/b_s_reg[33]/C
                         clock pessimism              0.301     5.245    <hidden>
                         clock uncertainty           -0.035     5.209    <hidden>
                         FDRE (Setup_FDRE_C_D)        0.027     5.236    u0/b_s_reg[33]
  -------------------------------------------------------------------
                         required time                          5.236    <hidden>
                         arrival time                          -4.550    <hidden>
  -------------------------------------------------------------------
                         slack                                  0.687    <hidden>

Slack (MET) :             0.702ns  (required time - arrival time)
  Source:                 u0/lo_re_reg[12]/C
                            (rising edge-triggered cell FDRE clocked by clk  {rise@0.000ns fall@1.000ns period=2.000ns})
  Destination:            u0/a_s_reg[34]/D
                            (rising edge-triggered cell FDRE clocked by clk  {rise@0.000ns fall@1.000ns period=2.000ns})
  Path Group:             clk
  Path Type:              Setup (Max at Slow Process Corner)
  Requirement:            2.000ns  (clk rise@2.000ns - clk rise@0.000ns)
  Data Path Delay:        1.145ns  (logic 0.621ns (54.236%)  route 0.524ns (45.764%))
  Logic Levels:           5  (CARRY8=3 LUT2=1 LUT4=1)
  Clock Path Skew:        -0.145ns (DCD - SCD + CPR)
    Destination Clock Delay (DCD):    2.944ns = ( 4.944 - 2.000 ) 
    Source Clock Delay      (SCD):    3.390ns
    Clock Pessimism Removal (CPR):    0.301ns
  Clock Uncertainty:      0.035ns  ((TSJ^2 + TIJ^2)^1/2 + DJ) / 2 + PE
    Total System Jitter     (TSJ):    0.071ns
    Total Input Jitter      (TIJ):    0.000ns
    Discrete Jitter          (DJ):    0.000ns
    Phase Error              (PE):    0.000ns

    Location             Delay type                Incr(ns)  Path(ns)    Netlist Resource(s)
  -------------------------------------------------------------------    -------------------
                         (clock clk rise edge)        0.000     0.000 r  <hidden>
                                                      0.000     0.000 r  clk
                         net (fo=0)                   0.000     0.000    clk_IBUF_inst/I
                         INBUF (Prop_INBUF_PAD_O)     0.609     0.609 r  clk_IBUF_inst/INBUF_INST/O
                         net (fo=1, unplaced)         0.000     0.609    clk_IBUF_inst/OUT
                         IBUFCTRL (Prop_IBUFCTRL_I_O)
                                                      0.000     0.609 r  clk_IBUF_inst/IBUFCTRL_INST/O
                         net (fo=1, unplaced)         0.169     0.778    clk_IBUF
                         BUFGCE (Prop_BUFGCE_I_O)     0.028     0.806 r  clk_IBUF_BUFG_inst/O
                         net (fo=488, unplaced)       2.584     3.390    u0/CLK
                         FDRE                                         r  u0/lo_re_reg[12]/C
  -------------------------------------------------------------------    -------------------
                         FDRE (Prop_FDRE_C_Q)         0.093     3.483 r  u0/lo_re_reg[12]/Q
                         net (fo=21, unplaced)        0.208     3.691    u0/lo_re[6]
                         LUT2 (Prop_LUT2_I1_O)        0.085     3.776 r  u0/a_s0__0_carry__0_i_7/O
                         net (fo=2, unplaced)         0.245     4.021    u0/a_s0__0_carry__0_i_7_n_0
                         LUT4 (Prop_LUT4_I3_O)        0.039     4.060 r  u0/a_s0__0_carry__0_i_15/O
                         net (fo=1, unplaced)         0.025     4.085    u0/a_s0__0_carry__0_i_15_n_0
                         CARRY8 (Prop_CARRY8_S[1]_CO[7])
                                                      0.245     4.330 r  u0/a_s0__0_carry__0/CO[7]
                         net (fo=1, unplaced)         0.007     4.337    u0/a_s0__0_carry__0_n_0
                         CARRY8 (Prop_CARRY8_CI_CO[7])
                                                      0.030     4.367 r  u0/a_s0__0_carry__1/CO[7]
                         net (fo=1, unplaced)         0.007     4.374    u0/a_s0__0_carry__1_n_0
                         CARRY8 (Prop_CARRY8_CI_O[6])
                                                      0.129     4.503 r  u0/a_s0__0_carry__2/O[6]
                         net (fo=1, unplaced)         0.032     4.535    u0/a_s0__0_carry__2_n_9
                         FDRE                                         r  u0/a_s_reg[34]/D
  -------------------------------------------------------------------    -------------------

                         (clock clk rise edge)        2.000     2.000 r  <hidden>
                                                      0.000     2.000 r  clk
                         net (fo=0)                   0.000     2.000    clk_IBUF_inst/I
                         INBUF (Prop_INBUF_PAD_O)     0.341     2.341 r  clk_IBUF_inst/INBUF_INST/O
                         net (fo=1, unplaced)         0.000     2.341    clk_IBUF_inst/OUT
                         IBUFCTRL (Prop_IBUFCTRL_I_O)
                                                      0.000     2.341 r  clk_IBUF_inst/IBUFCTRL_INST/O
                         net (fo=1, unplaced)         0.140     2.481    clk_IBUF
                         BUFGCE (Prop_BUFGCE_I_O)     0.024     2.505 r  clk_IBUF_BUFG_inst/O
                         net (fo=488, unplaced)       2.439     4.944    u0/CLK
                         FDRE                                         r  u0/a_s_reg[34]/C
                         clock pessimism              0.301     5.245    <hidden>
                         clock uncertainty           -0.035     5.209    <hidden>
                         FDRE (Setup_FDRE_C_D)        0.027     5.236    u0/a_s_reg[34]
  -------------------------------------------------------------------
                         required time                          5.236    <hidden>
                         arrival time                          -4.535    <hidden>
  -------------------------------------------------------------------
                         slack                                  0.702    <hidden>

Slack (MET) :             0.702ns  (required time - arrival time)
  Source:                 u0/lo_re_reg[12]/C
                            (rising edge-triggered cell FDRE clocked by clk  {rise@0.000ns fall@1.000ns period=2.000ns})
  Destination:            u0/a_s_reg[34]/D
                            (rising edge-triggered cell FDRE clocked by clk  {rise@0.000ns fall@1.000ns period=2.000ns})
  Path Group:             clk
  Path Type:              Setup (Max at Slow Process Corner)
  Requirement:            2.000ns  (clk rise@2.000ns - clk rise@0.000ns)
  Data Path Delay:        1.145ns  (logic 0.621ns (54.236%)  route 0.524ns (45.764%))
  Logic Levels:           5  (CARRY8=3 LUT2=1 LUT4=1)
  Clock Path Skew:        -0.145ns (DCD - SCD + CPR)
    Destination Clock Delay (DCD):    2.944ns = ( 4.944 - 2.000 ) 
    Source Clock Delay      (SCD):    3.390ns
    Clock Pessimism Removal (CPR):    0.301ns
  Clock Uncertainty:      0.035ns  ((TSJ^2 + TIJ^2)^1/2 + DJ) / 2 + PE
    Total System Jitter     (TSJ):    0.071ns
    Total Input Jitter      (TIJ):    0.000ns
    Discrete Jitter          (DJ):    0.000ns
    Phase Error              (PE):    0.000ns

    Location             Delay type                Incr(ns)  Path(ns)    Netlist Resource(s)
  -------------------------------------------------------------------    -------------------
                         (clock clk rise edge)        0.000     0.000 r  <hidden>
                                                      0.000     0.000 r  clk
                         net (fo=0)                   0.000     0.000    clk_IBUF_inst/I
                         INBUF (Prop_INBUF_PAD_O)     0.609     0.609 r  clk_IBUF_inst/INBUF_INST/O
                         net (fo=1, unplaced)         0.000     0.609    clk_IBUF_inst/OUT
                         IBUFCTRL (Prop_IBUFCTRL_I_O)
                                                      0.000     0.609 r  clk_IBUF_inst/IBUFCTRL_INST/O
                         net (fo=1, unplaced)         0.169     0.778    clk_IBUF
                         BUFGCE (Prop_BUFGCE_I_O)     0.028     0.806 r  clk_IBUF_BUFG_inst/O
                         net (fo=488, unplaced)       2.584     3.390    u0/CLK
                         FDRE                                         r  u0/lo_re_reg[12]/C
  -------------------------------------------------------------------    -------------------
                         FDRE (Prop_FDRE_C_Q)         0.093     3.483 r  u0/lo_re_reg[12]/Q
                         net (fo=21, unplaced)        0.208     3.691    u0/lo_re[6]
                         LUT2 (Prop_LUT2_I1_O)        0.085     3.776 r  u0/a_s0__0_carry__0_i_7/O
                         net (fo=2, unplaced)         0.245     4.021    u0/a_s0__0_carry__0_i_7_n_0
                         LUT4 (Prop_LUT4_I3_O)        0.039     4.060 f  u0/a_s0__0_carry__0_i_15/O
                         net (fo=1, unplaced)         0.025     4.085    u0/a_s0__0_carry__0_i_15_n_0
                         CARRY8 (Prop_CARRY8_S[1]_CO[7])
                                                      0.245     4.330 r  u0/a_s0__0_carry__0/CO[7]
                         net (fo=1, unplaced)         0.007     4.337    u0/a_s0__0_carry__0_n_0
                         CARRY8 (Prop_CARRY8_CI_CO[7])
                                                      0.030     4.367 r  u0/a_s0__0_carry__1/CO[7]
                         net (fo=1, unplaced)         0.007     4.374    u0/a_s0__0_carry__1_n_0
                         CARRY8 (Prop_CARRY8_CI_O[6])
                                                      0.129     4.503 r  u0/a_s0__0_carry__2/O[6]
                         net (fo=1, unplaced)         0.032     4.535    u0/a_s0__0_carry__2_n_9
                         FDRE                                         r  u0/a_s_reg[34]/D
  -------------------------------------------------------------------    -------------------

                         (clock clk rise edge)        2.000     2.000 r  <hidden>
                                                      0.000     2.000 r  clk
                         net (fo=0)                   0.000     2.000    clk_IBUF_inst/I
                         INBUF (Prop_INBUF_PAD_O)     0.341     2.341 r  clk_IBUF_inst/INBUF_INST/O
                         net (fo=1, unplaced)         0.000     2.341    clk_IBUF_inst/OUT
                         IBUFCTRL (Prop_IBUFCTRL_I_O)
                                                      0.000     2.341 r  clk_IBUF_inst/IBUFCTRL_INST/O
                         net (fo=1, unplaced)         0.140     2.481    clk_IBUF
                         BUFGCE (Prop_BUFGCE_I_O)     0.024     2.505 r  clk_IBUF_BUFG_inst/O
                         net (fo=488, unplaced)       2.439     4.944    u0/CLK
                         FDRE                                         r  u0/a_s_reg[34]/C
                         clock pessimism              0.301     5.245    <hidden>
                         clock uncertainty           -0.035     5.209    <hidden>
                         FDRE (Setup_FDRE_C_D)        0.027     5.236    u0/a_s_reg[34]
  -------------------------------------------------------------------
                         required time                          5.236    <hidden>
                         arrival time                          -4.535    <hidden>
  -------------------------------------------------------------------
                         slack                                  0.702    <hidden>

Slack (MET) :             0.702ns  (required time - arrival time)
  Source:                 u0/lo_im_reg[12]/C
                            (rising edge-triggered cell FDRE clocked by clk  {rise@0.000ns fall@1.000ns period=2.000ns})
  Destination:            u0/b_s_reg[34]/D
                            (rising edge-triggered cell FDRE clocked by clk  {rise@0.000ns fall@1.000ns period=2.000ns})
  Path Group:             clk
  Path Type:              Setup (Max at Slow Process Corner)
  Requirement:            2.000ns  (clk rise@2.000ns - clk rise@0.000ns)
  Data Path Delay:        1.145ns  (logic 0.621ns (54.236%)  route 0.524ns (45.764%))
  Logic Levels:           5  (CARRY8=3 LUT2=1 LUT4=1)
  Clock Path Skew:        -0.145ns (DCD - SCD + CPR)
    Destination Clock Delay (DCD):    2.944ns = ( 4.944 - 2.000 ) 
    Source Clock Delay      (SCD):    3.390ns
    Clock Pessimism Removal (CPR):    0.301ns
  Clock Uncertainty:      0.035ns  ((TSJ^2 + TIJ^2)^1/2 + DJ) / 2 + PE
    Total System Jitter     (TSJ):    0.071ns
    Total Input Jitter      (TIJ):    0.000ns
    Discrete Jitter          (DJ):    0.000ns
    Phase Error              (PE):    0.000ns

    Location             Delay type                Incr(ns)  Path(ns)    Netlist Resource(s)
  -------------------------------------------------------------------    -------------------
                         (clock clk rise edge)        0.000     0.000 r  <hidden>
                                                      0.000     0.000 r  clk
                         net (fo=0)                   0.000     0.000    clk_IBUF_inst/I
                         INBUF (Prop_INBUF_PAD_O)     0.609     0.609 r  clk_IBUF_inst/INBUF_INST/O
                         net (fo=1, unplaced)         0.000     0.609    clk_IBUF_inst/OUT
                         IBUFCTRL (Prop_IBUFCTRL_I_O)
                                                      0.000     0.609 r  clk_IBUF_inst/IBUFCTRL_INST/O
                         net (fo=1, unplaced)         0.169     0.778    clk_IBUF
                         BUFGCE (Prop_BUFGCE_I_O)     0.028     0.806 r  clk_IBUF_BUFG_inst/O
                         net (fo=488, unplaced)       2.584     3.390    u0/CLK
                         FDRE                                         r  u0/lo_im_reg[12]/C
  -------------------------------------------------------------------    -------------------
                         FDRE (Prop_FDRE_C_Q)         0.093     3.483 r  u0/lo_im_reg[12]/Q
                         net (fo=21, unplaced)        0.208     3.691    u0/lo_im[6]
                         LUT2 (Prop_LUT2_I1_O)        0.085     3.776 r  u0/b_s0__0_carry__0_i_7/O
                         net (fo=2, unplaced)         0.245     4.021    u0/b_s0__0_carry__0_i_7_n_0
                         LUT4 (Prop_LUT4_I3_O)        0.039     4.060 r  u0/b_s0__0_carry__0_i_15/O
                         net (fo=1, unplaced)         0.025     4.085    u0/b_s0__0_carry__0_i_15_n_0
                         CARRY8 (Prop_CARRY8_S[1]_CO[7])
                                                      0.245     4.330 r  u0/b_s0__0_carry__0/CO[7]
                         net (fo=1, unplaced)         0.007     4.337    u0/b_s0__0_carry__0_n_0
                         CARRY8 (Prop_CARRY8_CI_CO[7])
                                                      0.030     4.367 r  u0/b_s0__0_carry__1/CO[7]
                         net (fo=1, unplaced)         0.007     4.374    u0/b_s0__0_carry__1_n_0
                         CARRY8 (Prop_CARRY8_CI_O[6])
                                                      0.129     4.503 r  u0/b_s0__0_carry__2/O[6]
                         net (fo=1, unplaced)         0.032     4.535    u0/b_s0__0_carry__2_n_9
                         FDRE                                         r  u0/b_s_reg[34]/D
  -------------------------------------------------------------------    -------------------

                         (clock clk rise edge)        2.000     2.000 r  <hidden>
                                                      0.000     2.000 r  clk
                         net (fo=0)                   0.000     2.000    clk_IBUF_inst/I
                         INBUF (Prop_INBUF_PAD_O)     0.341     2.341 r  clk_IBUF_inst/INBUF_INST/O
                         net (fo=1, unplaced)         0.000     2.341    clk_IBUF_inst/OUT
                         IBUFCTRL (Prop_IBUFCTRL_I_O)
                                                      0.000     2.341 r  clk_IBUF_inst/IBUFCTRL_INST/O
                         net (fo=1, unplaced)         0.140     2.481    clk_IBUF
                         BUFGCE (Prop_BUFGCE_I_O)     0.024     2.505 r  clk_IBUF_BUFG_inst/O
                         net (fo=488, unplaced)       2.439     4.944    u0/CLK
                         FDRE                                         r  u0/b_s_reg[34]/C
                         clock pessimism              0.301     5.245    <hidden>
                         clock uncertainty           -0.035     5.209    <hidden>
                         FDRE (Setup_FDRE_C_D)        0.027     5.236    u0/b_s_reg[34]
  -------------------------------------------------------------------
                         required time                          5.236    <hidden>
                         arrival time                          -4.535    <hidden>
  -------------------------------------------------------------------
                         slack                                  0.702    <hidden>

Slack (MET) :             0.702ns  (required time - arrival time)
  Source:                 u0/lo_im_reg[12]/C
                            (rising edge-triggered cell FDRE clocked by clk  {rise@0.000ns fall@1.000ns period=2.000ns})
  Destination:            u0/b_s_reg[34]/D
                            (rising edge-triggered cell FDRE clocked by clk  {rise@0.000ns fall@1.000ns period=2.000ns})
  Path Group:             clk
  Path Type:              Setup (Max at Slow Process Corner)
  Requirement:            2.000ns  (clk rise@2.000ns - clk rise@0.000ns)
  Data Path Delay:        1.145ns  (logic 0.621ns (54.236%)  route 0.524ns (45.764%))
  Logic Levels:           5  (CARRY8=3 LUT2=1 LUT4=1)
  Clock Path Skew:        -0.145ns (DCD - SCD + CPR)
    Destination Clock Delay (DCD):    2.944ns = ( 4.944 - 2.000 ) 
    Source Clock Delay      (SCD):    3.390ns
    Clock Pessimism Removal (CPR):    0.301ns
  Clock Uncertainty:      0.035ns  ((TSJ^2 + TIJ^2)^1/2 + DJ) / 2 + PE
    Total System Jitter     (TSJ):    0.071ns
    Total Input Jitter      (TIJ):    0.000ns
    Discrete Jitter          (DJ):    0.000ns
    Phase Error              (PE):    0.000ns

    Location             Delay type                Incr(ns)  Path(ns)    Netlist Resource(s)
  -------------------------------------------------------------------    -------------------
                         (clock clk rise edge)        0.000     0.000 r  <hidden>
                                                      0.000     0.000 r  clk
                         net (fo=0)                   0.000     0.000    clk_IBUF_inst/I
                         INBUF (Prop_INBUF_PAD_O)     0.609     0.609 r  clk_IBUF_inst/INBUF_INST/O
                         net (fo=1, unplaced)         0.000     0.609    clk_IBUF_inst/OUT
                         IBUFCTRL (Prop_IBUFCTRL_I_O)
                                                      0.000     0.609 r  clk_IBUF_inst/IBUFCTRL_INST/O
                         net (fo=1, unplaced)         0.169     0.778    clk_IBUF
                         BUFGCE (Prop_BUFGCE_I_O)     0.028     0.806 r  clk_IBUF_BUFG_inst/O
                         net (fo=488, unplaced)       2.584     3.390    u0/CLK
                         FDRE                                         r  u0/lo_im_reg[12]/C
  -------------------------------------------------------------------    -------------------
                         FDRE (Prop_FDRE_C_Q)         0.093     3.483 r  u0/lo_im_reg[12]/Q
                         net (fo=21, unplaced)        0.208     3.691    u0/lo_im[6]
                         LUT2 (Prop_LUT2_I1_O)        0.085     3.776 r  u0/b_s0__0_carry__0_i_7/O
                         net (fo=2, unplaced)         0.245     4.021    u0/b_s0__0_carry__0_i_7_n_0
                         LUT4 (Prop_LUT4_I3_O)        0.039     4.060 f  u0/b_s0__0_carry__0_i_15/O
                         net (fo=1, unplaced)         0.025     4.085    u0/b_s0__0_carry__0_i_15_n_0
                         CARRY8 (Prop_CARRY8_S[1]_CO[7])
                                                      0.245     4.330 r  u0/b_s0__0_carry__0/CO[7]
                         net (fo=1, unplaced)         0.007     4.337    u0/b_s0__0_carry__0_n_0
                         CARRY8 (Prop_CARRY8_CI_CO[7])
                                                      0.030     4.367 r  u0/b_s0__0_carry__1/CO[7]
                         net (fo=1, unplaced)         0.007     4.374    u0/b_s0__0_carry__1_n_0
                         CARRY8 (Prop_CARRY8_CI_O[6])
                                                      0.129     4.503 r  u0/b_s0__0_carry__2/O[6]
                         net (fo=1, unplaced)         0.032     4.535    u0/b_s0__0_carry__2_n_9
                         FDRE                                         r  u0/b_s_reg[34]/D
  -------------------------------------------------------------------    -------------------

                         (clock clk rise edge)        2.000     2.000 r  <hidden>
                                                      0.000     2.000 r  clk
                         net (fo=0)                   0.000     2.000    clk_IBUF_inst/I
                         INBUF (Prop_INBUF_PAD_O)     0.341     2.341 r  clk_IBUF_inst/INBUF_INST/O
                         net (fo=1, unplaced)         0.000     2.341    clk_IBUF_inst/OUT
                         IBUFCTRL (Prop_IBUFCTRL_I_O)
                                                      0.000     2.341 r  clk_IBUF_inst/IBUFCTRL_INST/O
                         net (fo=1, unplaced)         0.140     2.481    clk_IBUF
                         BUFGCE (Prop_BUFGCE_I_O)     0.024     2.505 r  clk_IBUF_BUFG_inst/O
                         net (fo=488, unplaced)       2.439     4.944    u0/CLK
                         FDRE                                         r  u0/b_s_reg[34]/C
                         clock pessimism              0.301     5.245    <hidden>
                         clock uncertainty           -0.035     5.209    <hidden>
                         FDRE (Setup_FDRE_C_D)        0.027     5.236    u0/b_s_reg[34]
  -------------------------------------------------------------------
                         required time                          5.236    <hidden>
                         arrival time                          -4.535    <hidden>
  -------------------------------------------------------------------
                         slack                                  0.702    <hidden>





Pulse Width Checks
--------------------------------------------------------------------------------------
Clock Name:         clk
Waveform(ns):       { 0.000 1.000 }
Period(ns):         2.000
Sources:            { clk }

Check Type        Corner  Lib Pin   Reference Pin  Required(ns)  Actual(ns)  Slack(ns)  Location  Pin
Min Period        n/a     BUFGCE/I  n/a            1.499         2.000       0.501                clk_IBUF_BUFG_inst/I
Min Period        n/a     FDRE/C    n/a            0.550         2.000       1.450                out_im_reg[0]/C
Min Period        n/a     FDRE/C    n/a            0.550         2.000       1.450                out_im_reg[10]/C
Min Period        n/a     FDRE/C    n/a            0.550         2.000       1.450                out_im_reg[11]/C
Min Period        n/a     FDRE/C    n/a            0.550         2.000       1.450                out_im_reg[12]/C
Min Period        n/a     FDRE/C    n/a            0.550         2.000       1.450                out_im_reg[13]/C
Min Period        n/a     FDRE/C    n/a            0.550         2.000       1.450                out_im_reg[14]/C
Min Period        n/a     FDRE/C    n/a            0.550         2.000       1.450                out_im_reg[15]/C
Low Pulse Width   Slow    FDRE/C    n/a            0.275         1.000       0.725                out_im_reg[0]/C
Low Pulse Width   Fast    FDRE/C    n/a            0.275         1.000       0.725                out_im_reg[0]/C
Low Pulse Width   Slow    FDRE/C    n/a            0.275         1.000       0.725                out_im_reg[10]/C
Low Pulse Width   Fast    FDRE/C    n/a            0.275         1.000       0.725                out_im_reg[10]/C
Low Pulse Width   Slow    FDRE/C    n/a            0.275         1.000       0.725                out_im_reg[11]/C
Low Pulse Width   Fast    FDRE/C    n/a            0.275         1.000       0.725                out_im_reg[11]/C
Low Pulse Width   Slow    FDRE/C    n/a            0.275         1.000       0.725                out_im_reg[12]/C
Low Pulse Width   Fast    FDRE/C    n/a            0.275         1.000       0.725                out_im_reg[12]/C
High Pulse Width  Slow    FDRE/C    n/a            0.275         1.000       0.725                out_im_reg[0]/C
High Pulse Width  Fast    FDRE/C    n/a            0.275         1.000       0.725                out_im_reg[0]/C
High Pulse Width  Slow    FDRE/C    n/a            0.275         1.000       0.725                out_im_reg[10]/C
High Pulse Width  Fast    FDRE/C    n/a            0.275         1.000       0.725                out_im_reg[10]/C
High Pulse Width  Slow    FDRE/C    n/a            0.275         1.000       0.725                out_im_reg[11]/C
High Pulse Width  Fast    FDRE/C    n/a            0.275         1.000       0.725                out_im_reg[11]/C
High Pulse Width  Slow    FDRE/C    n/a            0.275         1.000       0.725                out_im_reg[12]/C
High Pulse Width  Fast    FDRE/C    n/a            0.275         1.000       0.725                out_im_reg[12]/C



