INFO: [Common 17-3922] A valid Vivado Design Suite BASIC license has been detected. Your current license is active and will expire on 21-jul-2027.

****** Vivado v2026.1 (64-bit)
  **** SW Build 6511674 on Tue Jun 16 11:01:26 MDT 2026
  **** IP Build 6504888 on Tue Jun 09 09:05:25 MDT 2026
  **** SharedData Build 6501428 on Mon Jun 08 17:34:18 MDT 2026
  **** Start of session at: Mon Aug 31 19:07:04 2026
    ** Copyright 1986-2022 Xilinx, Inc. All Rights Reserved.
    ** Copyright 2022-2026 Advanced Micro Devices, Inc. All Rights Reserved.

source synth.tcl
# create_project -in_memory -part xcku5p-ffva676-1-e
# read_verilog rot45_probe.v
# synth_design -top rot45_probe_top -part xcku5p-ffva676-1-e
Command: synth_design -top rot45_probe_top -part xcku5p-ffva676-1-e
Starting synth_design
Attempting to get a license for feature 'Vivado_Synthesis' and/or device 'xcku5p'
INFO: [Common 17-349] Got license for feature 'Vivado_Synthesis' and/or device 'xcku5p'
INFO: [Synth 8-7079] Multithreading enabled for synth_design using a maximum of 7 processes.
INFO: [Synth 8-7078] Launching helper process for spawning children vivado processes
INFO: [Synth 8-7075] Helper process launched with PID 88084
---------------------------------------------------------------------------------
Starting Synthesize : Time (s): cpu = 00:00:03 ; elapsed = 00:00:03 . Memory (MB): peak = 2207.191 ; gain = 495.922 ; free physical = 7889 ; free virtual = 81893
---------------------------------------------------------------------------------
INFO: [Synth 8-6157] synthesizing module 'rot45_probe_top' [/home/hannes/Projects/fftgen/spikes/S7_r23/rot45_probe/rot45_probe.v:55]
INFO: [Synth 8-6157] synthesizing module 'rot45_unit' [/home/hannes/Projects/fftgen/spikes/S7_r23/rot45_probe/rot45_probe.v:10]
	Parameter IW bound to: 18 - type: integer 
	Parameter TD bound to: 17 - type: integer 
INFO: [Synth 8-6155] done synthesizing module 'rot45_unit' (0#1) [/home/hannes/Projects/fftgen/spikes/S7_r23/rot45_probe/rot45_probe.v:10]
INFO: [Synth 8-6155] done synthesizing module 'rot45_probe_top' (0#1) [/home/hannes/Projects/fftgen/spikes/S7_r23/rot45_probe/rot45_probe.v:55]
---------------------------------------------------------------------------------
Finished Synthesize : Time (s): cpu = 00:00:04 ; elapsed = 00:00:04 . Memory (MB): peak = 2294.160 ; gain = 582.891 ; free physical = 7774 ; free virtual = 81779
---------------------------------------------------------------------------------
---------------------------------------------------------------------------------
Finished Constraint Validation : Time (s): cpu = 00:00:04 ; elapsed = 00:00:04 . Memory (MB): peak = 2311.973 ; gain = 600.703 ; free physical = 7772 ; free virtual = 81777
---------------------------------------------------------------------------------
---------------------------------------------------------------------------------
Start Loading Part and Timing Information
---------------------------------------------------------------------------------
Loading part: xcku5p-ffva676-1-e
INFO: [Device 21-403] Loading part xcku5p-ffva676-1-e
INFO: [Synth 8-6742] Reading net delay rules and data
---------------------------------------------------------------------------------
Finished Loading Part and Timing Information : Time (s): cpu = 00:00:04 ; elapsed = 00:00:04 . Memory (MB): peak = 2320.879 ; gain = 609.609 ; free physical = 7772 ; free virtual = 81777
---------------------------------------------------------------------------------
---------------------------------------------------------------------------------
Finished RTL Optimization Phase 2 : Time (s): cpu = 00:00:04 ; elapsed = 00:00:05 . Memory (MB): peak = 2320.879 ; gain = 609.609 ; free physical = 7754 ; free virtual = 81760
---------------------------------------------------------------------------------
No constraint files found.
---------------------------------------------------------------------------------
Start RTL Component Statistics 
---------------------------------------------------------------------------------
Detailed RTL Component Info : 
+---Adders : 
	   3 Input   37 Bit       Adders := 16    
	   2 Input   18 Bit       Adders := 1     
	   3 Input   18 Bit       Adders := 1     
+---Registers : 
	               37 Bit    Registers := 16    
	               18 Bit    Registers := 8     
---------------------------------------------------------------------------------
Finished RTL Component Statistics 
---------------------------------------------------------------------------------
---------------------------------------------------------------------------------
Start Part Resource Summary
---------------------------------------------------------------------------------
Part Resources:
DSPs: 1824 (col length:96)
BRAMs: 960 (col length: RAMB18 96 RAMB36 48)
---------------------------------------------------------------------------------
Finished Part Resource Summary
---------------------------------------------------------------------------------
No constraint files found.
---------------------------------------------------------------------------------
Start Cross Boundary and Area Optimization
---------------------------------------------------------------------------------
WARNING: [Synth 8-3936] Found unconnected internal register 'b_s_reg' and it is trimmed from '37' to '35' bits. [/home/hannes/Projects/fftgen/spikes/S7_r23/rot45_probe/rot45_probe.v:43]
WARNING: [Synth 8-3936] Found unconnected internal register 'q2_reg' and it is trimmed from '37' to '35' bits. [/home/hannes/Projects/fftgen/spikes/S7_r23/rot45_probe/rot45_probe.v:38]
WARNING: [Synth 8-3936] Found unconnected internal register 'q1_reg' and it is trimmed from '37' to '35' bits. [/home/hannes/Projects/fftgen/spikes/S7_r23/rot45_probe/rot45_probe.v:37]
WARNING: [Synth 8-3936] Found unconnected internal register 'lo_im_reg' and it is trimmed from '37' to '35' bits. [/home/hannes/Projects/fftgen/spikes/S7_r23/rot45_probe/rot45_probe.v:40]
WARNING: [Synth 8-3936] Found unconnected internal register 'a_s_reg' and it is trimmed from '37' to '35' bits. [/home/hannes/Projects/fftgen/spikes/S7_r23/rot45_probe/rot45_probe.v:42]
WARNING: [Synth 8-3936] Found unconnected internal register 'p1_reg' and it is trimmed from '37' to '35' bits. [/home/hannes/Projects/fftgen/spikes/S7_r23/rot45_probe/rot45_probe.v:35]
WARNING: [Synth 8-3936] Found unconnected internal register 'lo_re_reg' and it is trimmed from '37' to '35' bits. [/home/hannes/Projects/fftgen/spikes/S7_r23/rot45_probe/rot45_probe.v:39]
WARNING: [Synth 8-3936] Found unconnected internal register 'p2_reg' and it is trimmed from '37' to '35' bits. [/home/hannes/Projects/fftgen/spikes/S7_r23/rot45_probe/rot45_probe.v:36]
---------------------------------------------------------------------------------
Finished Cross Boundary and Area Optimization : Time (s): cpu = 00:00:09 ; elapsed = 00:00:09 . Memory (MB): peak = 3197.660 ; gain = 1486.391 ; free physical = 6832 ; free virtual = 80837
---------------------------------------------------------------------------------
No constraint files found.
---------------------------------------------------------------------------------
Start Timing Optimization
---------------------------------------------------------------------------------
---------------------------------------------------------------------------------
Finished Timing Optimization : Time (s): cpu = 00:00:09 ; elapsed = 00:00:09 . Memory (MB): peak = 3197.660 ; gain = 1486.391 ; free physical = 6832 ; free virtual = 80837
---------------------------------------------------------------------------------
---------------------------------------------------------------------------------
Start Technology Mapping
---------------------------------------------------------------------------------
---------------------------------------------------------------------------------
Finished Technology Mapping : Time (s): cpu = 00:00:09 ; elapsed = 00:00:09 . Memory (MB): peak = 3197.660 ; gain = 1486.391 ; free physical = 6832 ; free virtual = 80837
---------------------------------------------------------------------------------
---------------------------------------------------------------------------------
Start IO Insertion
---------------------------------------------------------------------------------
---------------------------------------------------------------------------------
Start Flattening Before IO Insertion
---------------------------------------------------------------------------------
---------------------------------------------------------------------------------
Finished Flattening Before IO Insertion
---------------------------------------------------------------------------------
---------------------------------------------------------------------------------
Start Final Netlist Cleanup
---------------------------------------------------------------------------------
---------------------------------------------------------------------------------
Finished Final Netlist Cleanup
---------------------------------------------------------------------------------
---------------------------------------------------------------------------------
Finished IO Insertion : Time (s): cpu = 00:00:11 ; elapsed = 00:00:12 . Memory (MB): peak = 3294.473 ; gain = 1583.203 ; free physical = 6786 ; free virtual = 80791
---------------------------------------------------------------------------------
---------------------------------------------------------------------------------
Start Renaming Generated Instances
---------------------------------------------------------------------------------
---------------------------------------------------------------------------------
Finished Renaming Generated Instances : Time (s): cpu = 00:00:11 ; elapsed = 00:00:12 . Memory (MB): peak = 3294.473 ; gain = 1583.203 ; free physical = 6786 ; free virtual = 80791
---------------------------------------------------------------------------------
---------------------------------------------------------------------------------
Start Rebuilding User Hierarchy
---------------------------------------------------------------------------------
---------------------------------------------------------------------------------
Finished Rebuilding User Hierarchy : Time (s): cpu = 00:00:11 ; elapsed = 00:00:12 . Memory (MB): peak = 3294.473 ; gain = 1583.203 ; free physical = 6778 ; free virtual = 80784
---------------------------------------------------------------------------------
---------------------------------------------------------------------------------
Start Renaming Generated Ports
---------------------------------------------------------------------------------
---------------------------------------------------------------------------------
Finished Renaming Generated Ports : Time (s): cpu = 00:00:11 ; elapsed = 00:00:12 . Memory (MB): peak = 3294.473 ; gain = 1583.203 ; free physical = 6778 ; free virtual = 80784
---------------------------------------------------------------------------------
---------------------------------------------------------------------------------
Start Handling Custom Attributes
---------------------------------------------------------------------------------
---------------------------------------------------------------------------------
Finished Handling Custom Attributes : Time (s): cpu = 00:00:11 ; elapsed = 00:00:12 . Memory (MB): peak = 3294.473 ; gain = 1583.203 ; free physical = 6778 ; free virtual = 80784
---------------------------------------------------------------------------------
---------------------------------------------------------------------------------
Start Renaming Generated Nets
---------------------------------------------------------------------------------
---------------------------------------------------------------------------------
Finished Renaming Generated Nets : Time (s): cpu = 00:00:11 ; elapsed = 00:00:12 . Memory (MB): peak = 3294.473 ; gain = 1583.203 ; free physical = 6778 ; free virtual = 80784
---------------------------------------------------------------------------------
---------------------------------------------------------------------------------
Start Writing Synthesis Report
---------------------------------------------------------------------------------

Report BlackBoxes: 
+-+--------------+----------+
| |BlackBox name |Instances |
+-+--------------+----------+
+-+--------------+----------+

Report Cell Usage: 
+------+-------+------+
|      |Cell   |Count |
+------+-------+------+
|1     |BUFG   |     1|
|2     |CARRY8 |    66|
|3     |LUT1   |    10|
|4     |LUT2   |   228|
|5     |LUT3   |   160|
|6     |LUT4   |   300|
|7     |LUT5   |    52|
|8     |LUT6   |    36|
|9     |FDRE   |   488|
|10    |IBUF   |    38|
|11    |OBUF   |    36|
+------+-------+------+

Report Instance Areas: 
+------+---------+-------------+------+
|      |Instance |Module       |Cells |
+------+---------+-------------+------+
|1     |top      |             |  1415|
|2     |  u0     |rot45_unit   |   817|
|3     |  u1     |rot45_unit_0 |   487|
+------+---------+-------------+------+
---------------------------------------------------------------------------------
Finished Writing Synthesis Report : Time (s): cpu = 00:00:11 ; elapsed = 00:00:12 . Memory (MB): peak = 3294.473 ; gain = 1583.203 ; free physical = 6778 ; free virtual = 80784
---------------------------------------------------------------------------------
Synthesis finished with 0 errors, 0 critical warnings and 8 warnings.
Synthesis Optimization Runtime : Time (s): cpu = 00:00:12 ; elapsed = 00:00:12 . Memory (MB): peak = 3294.473 ; gain = 1583.203 ; free physical = 6778 ; free virtual = 80784
Synthesis Optimization Complete : Time (s): cpu = 00:00:12 ; elapsed = 00:00:12 . Memory (MB): peak = 3297.441 ; gain = 1583.203 ; free physical = 6778 ; free virtual = 80784
INFO: [Project 1-571] Translating synthesized netlist
Netlist sorting complete. Time (s): cpu = 00:00:00.01 ; elapsed = 00:00:00 . Memory (MB): peak = 3307.348 ; gain = 0.000 ; free physical = 6805 ; free virtual = 80810
INFO: [Netlist 29-17] Analyzing 105 Unisim elements for replacement
INFO: [Netlist 29-28] Unisim Transformation completed in 0 CPU seconds
INFO: [Project 1-570] Preparing netlist for logic optimization
INFO: [Opt 31-138] Pushed 0 inverter(s) to 0 load pin(s).
Netlist sorting complete. Time (s): cpu = 00:00:00 ; elapsed = 00:00:00 . Memory (MB): peak = 3430.898 ; gain = 0.000 ; free physical = 6744 ; free virtual = 80750
INFO: [Project 1-111] Unisim Transformation Summary:
  A total of 39 instances were transformed.
  BUFG => BUFGCE: 1 instance 
  IBUF => IBUF (IBUFCTRL, INBUF): 38 instances

Synth Design complete | Checksum: 1c51850c
INFO: [Common 17-83] Releasing license: Vivado_Synthesis
17 Infos, 8 Warnings, 0 Critical Warnings and 0 Errors encountered.
synth_design completed successfully
synth_design: Time (s): cpu = 00:00:15 ; elapsed = 00:00:14 . Memory (MB): peak = 3433.867 ; gain = 1722.598 ; free physical = 6744 ; free virtual = 80749
INFO: [Common 17-2834] synth_design peak Physical Memory [PSS] (MB): overall = 2782.154; main = 2782.154; forked = 337.169
INFO: [Common 17-2834] synth_design peak Virtual Memory [VSS] (MB): overall = 4237.723; main = 3433.871; forked = 1040.059
# create_clock -period 2.000 -name clk [get_ports clk]
# report_utilization -file utilization.rpt
# report_timing_summary -delay_type max -max_paths 8 -nworst 2 -file timing.rpt
INFO: [Timing 38-91] UpdateTimingParams: Speed grade: -1, Temperature grade: E, Delay Type: max.
INFO: [Timing 38-191] Multithreading enabled for timing update using a maximum of 8 CPUs
INFO: [Timing 38-35] Done setting XDC timing constraints.
report_timing_summary: Time (s): cpu = 00:00:12 ; elapsed = 00:00:13 . Memory (MB): peak = 4341.832 ; gain = 907.965 ; free physical = 6059 ; free virtual = 80068
WARNING: [Vivado 12-180] No cells matched 'get_cells -hier -filter {REF_NAME == DSP48E2}'.
# puts "DSP48: [llength [get_cells -hier -filter {REF_NAME == DSP48E2}]]"
DSP48: 0
# puts "CARRY8: [llength [get_cells -hier -filter {REF_NAME == CARRY8}]]"
CARRY8: 66
# exit
INFO: [Common 17-206] Exiting Vivado at Mon Aug 31 19:07:37 2026...
