sweep: 17 configs (r23), 3 parallel -> build/datasheet_r23
[ 1/17] N256_R1_r23         ?s  FAILED: artifacts: N=256: no valid r23 triple count (NSTAG  WNS=?  DSP=? LUT=? BRAM=?
[ 2/17] N512_R1_r23      47.6s  ok          WNS=+0.073  DSP=16 LUT=3513 BRAM=7
[ 3/17] N1024_R1_r23     53.0s  ok          WNS=+0.066  DSP=16 LUT=5598 BRAM=14.5
[ 4/17] N256_R2_r23      54.5s  ok          WNS=+0.066  DSP=28 LUT=5653 BRAM=14
[ 5/17] N1024_R2_r23     59.9s  ok          WNS=+0.073  DSP=36 LUT=7461 BRAM=14
[ 6/17] N2048_R1_r23     60.0s  ok          WNS=+0.073  DSP=20 LUT=3870 BRAM=20
[ 7/17] N2048_R2_r23     68.0s  ok          WNS=+0.066  DSP=36 LUT=11754 BRAM=29
[ 8/17] N4096_R1_r23     78.4s  ok          WNS=+0.073  DSP=20 LUT=5252 BRAM=30
[ 9/17] N4096_R2_r23     83.3s  ok          WNS=+0.073  DSP=44 LUT=8585 BRAM=40
[10/17] N8192_R2_r23    102.6s  ok          WNS=+0.073  DSP=44 LUT=11961 BRAM=60
[11/17] N8192_R1_r23    174.9s  ok          WNS=+0.066  DSP=20 LUT=7553 BRAM=45.5
[12/17] N16384_R2_r23   218.3s  ok          WNS=-0.087  DSP=44 LUT=17390 BRAM=91
[13/17] N16384_R1_r23   659.3s  ok          WNS=+0.073  DSP=24 LUT=6351 BRAM=82
[14/17] N32768_R2_r23   527.0s  ok          WNS=-0.517  DSP=52 LUT=17151 BRAM=164
[15/17] N65536_R1_r23   455.0s  FAILED: ERROR: [Synth 8-403] loop limit (65536) exceeded [  WNS=?  DSP=? LUT=? BRAM=?
[16/17] N32768_R1_r23  1990.8s  ok          WNS=+0.028  DSP=24 LUT=8629 BRAM=153
[17/17] N65536_R2_r23  2164.8s  ok          WNS=-0.240  DSP=52 LUT=28196 BRAM=306

# fftgen datasheet -- KU5P OOC synthesis @ 500 MHz

xcku5p-ffva676-1-e, Vivado 2026.1 out-of-context, create_clock 2.0 ns, 16-bit samples / 18-bit twiddles, auto scaling, PIPE_DEPTH=10. Post-synth estimates; worst-case paths close post-route (see PLAN.md P5a).

| N | R | Arch | LUTs | FFs | LUTRAM | DSP | BRAM36 | URAM | WNS(ns) | FEP | clk/frame |
|---:|---:|:---:|---:|---:|---:|---:|---:|---:|---:|---:|---:|
| 512 | 1 | r23 | 3513 | 4460 | 932 | 16 | 7 | 0 | +0.073 | 0 | 512 |
| 1024 | 1 | r23 | 5598 | 6321 | 1602 | 16 | 14.5 | 0 | +0.066 | 0 | 1024 |
| 2048 | 1 | r23 | 3870 | 4573 | 782 | 20 | 20 | 0 | +0.073 | 0 | 2048 |
| 4096 | 1 | r23 | 5252 | 6432 | 1206 | 20 | 30 | 0 | +0.073 | 0 | 4096 |
| 8192 | 1 | r23 | 7553 | 8305 | 2100 | 20 | 45.5 | 0 | +0.066 | 0 | 8192 |
| 16384 | 1 | r23 | 6351 | 6574 | 1728 | 24 | 82 | 0 | +0.073 | 0 | 16384 |
| 32768 | 1 | r23 | 8629 | 8556 | 2994 | 24 | 153 | 0 | +0.028 | 0 | 32768 |
| 256 | 2 | r23 | 5653 | 7982 | 1059 | 28 | 14 | 0 | +0.066 | 0 | 128 |
| 1024 | 2 | r23 | 7461 | 9308 | 1871 | 36 | 14 | 0 | +0.073 | 0 | 512 |
| 2048 | 2 | r23 | 11754 | 13052 | 3180 | 36 | 29 | 0 | +0.066 | 0 | 1024 |
| 4096 | 2 | r23 | 8585 | 9575 | 1477 | 44 | 40 | 0 | +0.073 | 0 | 2048 |
| 8192 | 2 | r23 | 11961 | 13325 | 2198 | 44 | 60 | 0 | +0.073 | 0 | 4096 |
| 16384 | 2 | r23 | 17390 | 17126 | 3731 | 44 | 91 | 0 | -0.087 | 12 | 8192 |
| 32768 | 2 | r23 | 17151 | 13815 | 2404 | 52 | 164 | 0 | -0.517 | 58 | 16384 |
| 65536 | 2 | r23 | 28196 | 17485 | 3987 | 52 | 306 | 0 | -0.240 | 52 | 32768 |

tables: build/datasheet_r23/datasheet.md
