INFO: [Common 17-3922] A valid Vivado Design Suite BASIC license has been detected. Your current license is active and will expire on 21-jul-2027.

****** Vivado v2026.1 (64-bit)
  **** SW Build 6511674 on Tue Jun 16 11:01:26 MDT 2026
  **** IP Build 6504888 on Tue Jun 09 09:05:25 MDT 2026
  **** SharedData Build 6501428 on Mon Jun 08 17:34:18 MDT 2026
  **** Start of session at: Mon Aug 24 22:17:54 2026
    ** Copyright 1986-2022 Xilinx, Inc. All Rights Reserved.
    ** Copyright 2022-2026 Advanced Micro Devices, Inc. All Rights Reserved.

source tcl/pr_ku5p.tcl
# set outdir [lindex $argv 0]
# open_checkpoint [file join $outdir synth.dcp]
Command: open_checkpoint build_ku5p/N64_7layer/synth.dcp

Starting open_checkpoint Task

Time (s): cpu = 00:00:00.02 ; elapsed = 00:00:00.02 . Memory (MB): peak = 1454.113 ; gain = 8.906 ; free physical = 79602 ; free virtual = 87103
INFO: [Device 21-403] Loading part xcku5p-ffva676-1-e
Netlist sorting complete. Time (s): cpu = 00:00:00.01 ; elapsed = 00:00:00.01 . Memory (MB): peak = 2809.086 ; gain = 0.000 ; free physical = 78267 ; free virtual = 85771
INFO: [Netlist 29-17] Analyzing 238 Unisim elements for replacement
INFO: [Netlist 29-28] Unisim Transformation completed in 0 CPU seconds
INFO: [Project 1-479] Netlist was created with Vivado 2026.1
INFO: [Project 1-570] Preparing netlist for logic optimization
Read ShapeDB Complete: Time (s): cpu = 00:00:00.01 ; elapsed = 00:00:00.01 . Memory (MB): peak = 2809.086 ; gain = 0.000 ; free physical = 78266 ; free virtual = 85769
INFO: [Timing 38-478] Restoring timing data from binary archive.
INFO: [Timing 38-479] Binary timing data restore complete.
INFO: [Project 1-856] Restoring constraints from binary archive.
INFO: [Project 1-853] Binary constraint restore complete.
Netlist sorting complete. Time (s): cpu = 00:00:00 ; elapsed = 00:00:00 . Memory (MB): peak = 3370.199 ; gain = 0.000 ; free physical = 77856 ; free virtual = 85361
INFO: [Project 1-111] Unisim Transformation Summary:
  A total of 102 instances were transformed.
  DSP48E2 => DSP48E2 (DSP_ALU, DSP_A_B_DATA, DSP_C_DATA, DSP_MULTIPLIER, DSP_M_DATA, DSP_OUTPUT, DSP_PREADD, DSP_PREADD_DATA): 24 instances
  IBUF => IBUF (IBUFCTRL, INBUF): 38 instances
  RAM32M16 => RAM32M16 (RAMD32(x14), RAMS32(x2)): 30 instances
  RAM64M8 => RAM64M8 (RAMD64E(x8)): 10 instances

INFO: [Project 1-604] Checkpoint was created with Vivado v2026.1 (64-bit) build 6511674
open_checkpoint: Time (s): cpu = 00:00:19 ; elapsed = 00:00:14 . Memory (MB): peak = 3370.234 ; gain = 1931.996 ; free physical = 77855 ; free virtual = 85360
# puts "constraints: [get_clocks]"
constraints: clk
# report_timing_summary -delay_type max -max_paths 3 \
#     -file [file join $outdir timing_post_synth.txt]
INFO: [Timing 38-91] UpdateTimingParams: Speed grade: -1, Temperature grade: E, Delay Type: max.
INFO: [Timing 38-191] Multithreading enabled for timing update using a maximum of 8 CPUs
report_timing_summary: Time (s): cpu = 00:00:09 ; elapsed = 00:00:08 . Memory (MB): peak = 4241.012 ; gain = 818.219 ; free physical = 76967 ; free virtual = 84479
# opt_design
Command: opt_design
Attempting to get a license for feature 'Vivado_Implementation' and/or device 'xcku5p'
INFO: [Common 17-349] Got license for feature 'Vivado_Implementation' and/or device 'xcku5p'
Running DRC as a precondition to command opt_design

Starting DRC Task
INFO: [DRC 23-27] Running DRC with 8 threads
INFO: [Project 1-461] DRC finished with 0 Errors
INFO: [Project 1-462] Please refer to the DRC report (report_drc) for more information.

Time (s): cpu = 00:00:00.83 ; elapsed = 00:00:00.29 . Memory (MB): peak = 4241.012 ; gain = 0.000 ; free physical = 76970 ; free virtual = 84479

Starting Cache Timing Information Task
Ending Cache Timing Information Task | Checksum: 2e14831cf

Time (s): cpu = 00:00:00 ; elapsed = 00:00:00.01 . Memory (MB): peak = 4241.012 ; gain = 0.000 ; free physical = 76970 ; free virtual = 84479

Starting Logic Optimization Task

Phase 1 Initialization

Phase 1.1 Core Generation And Design Setup
Phase 1.1 Core Generation And Design Setup | Checksum: 2e14831cf

Time (s): cpu = 00:00:00.01 ; elapsed = 00:00:00.01 . Memory (MB): peak = 4255.949 ; gain = 0.000 ; free physical = 76910 ; free virtual = 84419

Phase 1.2 Setup Constraints And Sort Netlist
Phase 1.2 Setup Constraints And Sort Netlist | Checksum: 2e14831cf

Time (s): cpu = 00:00:00.01 ; elapsed = 00:00:00.01 . Memory (MB): peak = 4255.949 ; gain = 0.000 ; free physical = 76910 ; free virtual = 84419
Phase 1 Initialization | Checksum: 2e14831cf

Time (s): cpu = 00:00:00.01 ; elapsed = 00:00:00.01 . Memory (MB): peak = 4255.949 ; gain = 0.000 ; free physical = 76910 ; free virtual = 84419

Phase 2 Timer Update And Timing Data Collection

Phase 2.1 Detect if minReqCache needed
Phase 2.1 Detect if minReqCache needed | Checksum: 2e14831cf

Time (s): cpu = 00:00:00.01 ; elapsed = 00:00:00.02 . Memory (MB): peak = 4255.949 ; gain = 0.000 ; free physical = 76910 ; free virtual = 84419

Phase 2.2 Timer Update
Phase 2.2 Timer Update | Checksum: 2e14831cf

Time (s): cpu = 00:00:00.41 ; elapsed = 00:00:00.12 . Memory (MB): peak = 4255.949 ; gain = 0.000 ; free physical = 76910 ; free virtual = 84419

Phase 2.3 Timing Data Collection
Phase 2.3 Timing Data Collection | Checksum: 2e14831cf

Time (s): cpu = 00:00:00.41 ; elapsed = 00:00:00.12 . Memory (MB): peak = 4255.949 ; gain = 0.000 ; free physical = 76910 ; free virtual = 84419
Phase 2 Timer Update And Timing Data Collection | Checksum: 2e14831cf

Time (s): cpu = 00:00:00.41 ; elapsed = 00:00:00.12 . Memory (MB): peak = 4255.949 ; gain = 0.000 ; free physical = 76910 ; free virtual = 84419

Phase 3 Retarget
INFO: [Opt 31-1851] Number of loadless carry chains removed were: 0
INFO: [Opt 31-1834] Total Chains To Be Transformed Were: 0 AND Number of Transformed insts Created are: 0
INFO: [Opt 31-138] Pushed 0 inverter(s) to 0 load pin(s).
INFO: [Opt 31-49] Retargeted 0 cell(s).
Phase 3 Retarget | Checksum: 255383cdd

Time (s): cpu = 00:00:00.45 ; elapsed = 00:00:00.17 . Memory (MB): peak = 4255.949 ; gain = 0.000 ; free physical = 76910 ; free virtual = 84419
Retarget | Checksum: 255383cdd
INFO: [Opt 31-389] Phase Retarget created 2 cells and removed 2 cells

Phase 4 Constant propagation
INFO: [Opt 31-138] Pushed 0 inverter(s) to 0 load pin(s).
Phase 4 Constant propagation | Checksum: 22a03b33f

Time (s): cpu = 00:00:00.46 ; elapsed = 00:00:00.19 . Memory (MB): peak = 4255.949 ; gain = 0.000 ; free physical = 76910 ; free virtual = 84419
Constant propagation | Checksum: 22a03b33f
INFO: [Opt 31-389] Phase Constant propagation created 0 cells and removed 0 cells

Phase 5 Sweep
INFO: [Constraints 18-11670] Building netlist checker database with flags, 0x8
Done building netlist checker database: Time (s): cpu = 00:00:00 ; elapsed = 00:00:00 . Memory (MB): peak = 4255.949 ; gain = 0.000 ; free physical = 76910 ; free virtual = 84419
Phase 5 Sweep | Checksum: 28def47b0

Time (s): cpu = 00:00:00.5 ; elapsed = 00:00:00.22 . Memory (MB): peak = 4255.949 ; gain = 0.000 ; free physical = 76910 ; free virtual = 84419
Sweep | Checksum: 28def47b0
INFO: [Opt 31-389] Phase Sweep created 0 cells and removed 0 cells

Phase 6 BUFG optimization
INFO: [Opt 31-1077] Phase BUFG optimization inserted 0 global clock buffer(s) for CLOCK_LOW_FANOUT.
Phase 6 BUFG optimization | Checksum: 28def47b0

Time (s): cpu = 00:00:00.68 ; elapsed = 00:00:00.29 . Memory (MB): peak = 4287.965 ; gain = 32.016 ; free physical = 76910 ; free virtual = 84419
BUFG optimization | Checksum: 28def47b0
INFO: [Opt 31-662] Phase BUFG optimization created 0 cells of which 0 are BUFGs and removed 0 cells.

Phase 7 Shift Register Optimization
INFO: [Opt 31-1064] SRL Remap converted 0 SRLs to 0 registers and converted 0 registers of register chains to 0 SRLs
Phase 7 Shift Register Optimization | Checksum: 28def47b0

Time (s): cpu = 00:00:00.68 ; elapsed = 00:00:00.29 . Memory (MB): peak = 4287.965 ; gain = 32.016 ; free physical = 76910 ; free virtual = 84419
Shift Register Optimization | Checksum: 28def47b0
INFO: [Opt 31-389] Phase Shift Register Optimization created 0 cells and removed 0 cells

Phase 8 Post Processing Netlist
Phase 8 Post Processing Netlist | Checksum: 28def47b0

Time (s): cpu = 00:00:00.7 ; elapsed = 00:00:00.31 . Memory (MB): peak = 4287.965 ; gain = 32.016 ; free physical = 76910 ; free virtual = 84419
Post Processing Netlist | Checksum: 28def47b0
INFO: [Opt 31-389] Phase Post Processing Netlist created 0 cells and removed 0 cells

Phase 9 Finalization

Phase 9.1 Finalizing Design Cores and Updating Shapes
Phase 9.1 Finalizing Design Cores and Updating Shapes | Checksum: 31ee49314

Time (s): cpu = 00:00:00.75 ; elapsed = 00:00:00.36 . Memory (MB): peak = 4287.965 ; gain = 32.016 ; free physical = 76910 ; free virtual = 84419

Phase 9.2 Verifying Netlist Connectivity

Starting Connectivity Check Task

Time (s): cpu = 00:00:00 ; elapsed = 00:00:00 . Memory (MB): peak = 4287.965 ; gain = 0.000 ; free physical = 76910 ; free virtual = 84419
Phase 9.2 Verifying Netlist Connectivity | Checksum: 31ee49314

Time (s): cpu = 00:00:00.75 ; elapsed = 00:00:00.36 . Memory (MB): peak = 4287.965 ; gain = 32.016 ; free physical = 76910 ; free virtual = 84419
Phase 9 Finalization | Checksum: 31ee49314

Time (s): cpu = 00:00:00.76 ; elapsed = 00:00:00.37 . Memory (MB): peak = 4287.965 ; gain = 32.016 ; free physical = 76910 ; free virtual = 84419
Opt_design Change Summary
=========================


-------------------------------------------------------------------------------------------------------------------------
|  Phase                        |  #Cells created  |  #Cells Removed  |  #Constrained objects preventing optimizations  |
-------------------------------------------------------------------------------------------------------------------------
|  Retarget                     |               2  |               2  |                                              0  |
|  Constant propagation         |               0  |               0  |                                              0  |
|  Sweep                        |               0  |               0  |                                              0  |
|  BUFG optimization            |               0  |               0  |                                              0  |
|  Shift Register Optimization  |               0  |               0  |                                              0  |
|  Post Processing Netlist      |               0  |               0  |                                              0  |
-------------------------------------------------------------------------------------------------------------------------


Ending Logic Optimization Task | Checksum: 31ee49314

Time (s): cpu = 00:00:00.76 ; elapsed = 00:00:00.37 . Memory (MB): peak = 4287.965 ; gain = 32.016 ; free physical = 76910 ; free virtual = 84419

Starting Power Optimization Task
INFO: [Pwropt 34-132] Skipping clock gating for clocks with a period < 2.00 ns.
Ending Power Optimization Task | Checksum: 31ee49314

Time (s): cpu = 00:00:00 ; elapsed = 00:00:00.01 . Memory (MB): peak = 4287.965 ; gain = 0.000 ; free physical = 76910 ; free virtual = 84419

Starting Final Cleanup Task
Ending Final Cleanup Task | Checksum: 31ee49314

Time (s): cpu = 00:00:00 ; elapsed = 00:00:00 . Memory (MB): peak = 4287.965 ; gain = 0.000 ; free physical = 76910 ; free virtual = 84419
Netlist sorting complete. Time (s): cpu = 00:00:00 ; elapsed = 00:00:00 . Memory (MB): peak = 4287.965 ; gain = 0.000 ; free physical = 76910 ; free virtual = 84419
INFO: [Common 17-83] Releasing license: Vivado_Implementation
20 Infos, 0 Warnings, 0 Critical Warnings and 0 Errors encountered.
opt_design completed successfully
# place_design
Command: place_design
Attempting to get a license for feature 'Vivado_Implementation' and/or device 'xcku5p'
INFO: [Common 17-349] Got license for feature 'Vivado_Implementation' and/or device 'xcku5p'
INFO: [Common 17-83] Releasing license: Vivado_Implementation
INFO: [Timing 38-35] Done setting XDC timing constraints.
Running DRC as a precondition to command place_design
INFO: [DRC 23-27] Running DRC with 8 threads
INFO: [Vivado_Tcl 4-198] DRC finished with 0 Errors
INFO: [Vivado_Tcl 4-199] Please refer to the DRC report (report_drc) for more information.
INFO: [Place 30-611] Multithreading enabled for place_design using a maximum of 8 CPUs

Starting Placer Task

Phase 1 Placer Initialization

Phase 1.1 Placer Initialization Netlist Sorting
Netlist sorting complete. Time (s): cpu = 00:00:00 ; elapsed = 00:00:00 . Memory (MB): peak = 4287.965 ; gain = 0.000 ; free physical = 76915 ; free virtual = 84426
Phase 1.1 Placer Initialization Netlist Sorting | Checksum: 2569e5df1

Time (s): cpu = 00:00:00 ; elapsed = 00:00:00 . Memory (MB): peak = 4287.965 ; gain = 0.000 ; free physical = 76915 ; free virtual = 84426
Netlist sorting complete. Time (s): cpu = 00:00:00 ; elapsed = 00:00:00 . Memory (MB): peak = 4287.965 ; gain = 0.000 ; free physical = 76915 ; free virtual = 84426

Phase 1.2 IO Placement/ Clock Placement/ Build Placer Device
Phase 1.2 IO Placement/ Clock Placement/ Build Placer Device | Checksum: bf384906

Time (s): cpu = 00:00:00.93 ; elapsed = 00:00:00.51 . Memory (MB): peak = 4343.992 ; gain = 56.027 ; free physical = 77005 ; free virtual = 84522

Phase 1.3 Build Placer Netlist Model
Phase 1.3 Build Placer Netlist Model | Checksum: 166c181c2

Time (s): cpu = 00:00:04 ; elapsed = 00:00:02 . Memory (MB): peak = 4383.035 ; gain = 95.070 ; free physical = 77010 ; free virtual = 84529

Phase 1.4 Constrain Clocks/Macros
Phase 1.4 Constrain Clocks/Macros | Checksum: 166c181c2

Time (s): cpu = 00:00:04 ; elapsed = 00:00:02 . Memory (MB): peak = 4383.035 ; gain = 95.070 ; free physical = 77010 ; free virtual = 84529
Phase 1 Placer Initialization | Checksum: 166c181c2

Time (s): cpu = 00:00:04 ; elapsed = 00:00:02 . Memory (MB): peak = 4383.035 ; gain = 95.070 ; free physical = 77010 ; free virtual = 84529

Phase 2 Global Placement

Phase 2.1 Floorplanning

Phase 2.1.1 Partition Driven Placement

Phase 2.1.1.1 PBP: Partition Driven Placement
Phase 2.1.1.1 PBP: Partition Driven Placement | Checksum: 1a0b89d09

Time (s): cpu = 00:00:05 ; elapsed = 00:00:02 . Memory (MB): peak = 4383.035 ; gain = 95.070 ; free physical = 76999 ; free virtual = 84520

Phase 2.1.1.2 PBP: Clock Region Placement
INFO: [Place 30-3162] Check ILP status : ILP-based clock placer completed successfully.
Phase 2.1.1.2 PBP: Clock Region Placement | Checksum: 1a0b89d09

Time (s): cpu = 00:00:05 ; elapsed = 00:00:02 . Memory (MB): peak = 4383.035 ; gain = 95.070 ; free physical = 77002 ; free virtual = 84523

Phase 2.1.1.3 PBP: Compute Congestion
Phase 2.1.1.3 PBP: Compute Congestion | Checksum: 1a0b89d09

Time (s): cpu = 00:00:12 ; elapsed = 00:00:04 . Memory (MB): peak = 4582.020 ; gain = 294.055 ; free physical = 76358 ; free virtual = 84305

Phase 2.1.1.4 PBP: UpdateTiming
Phase 2.1.1.4 PBP: UpdateTiming | Checksum: 18d29d1bc

Time (s): cpu = 00:00:12 ; elapsed = 00:00:05 . Memory (MB): peak = 4614.035 ; gain = 326.070 ; free physical = 76358 ; free virtual = 84305

Phase 2.1.1.5 PBP: Add part constraints
Phase 2.1.1.5 PBP: Add part constraints | Checksum: 18d29d1bc

Time (s): cpu = 00:00:12 ; elapsed = 00:00:05 . Memory (MB): peak = 4614.035 ; gain = 326.070 ; free physical = 76358 ; free virtual = 84305
Phase 2.1.1 Partition Driven Placement | Checksum: 18d29d1bc

Time (s): cpu = 00:00:12 ; elapsed = 00:00:05 . Memory (MB): peak = 4614.035 ; gain = 326.070 ; free physical = 76358 ; free virtual = 84305
Phase 2.1 Floorplanning | Checksum: 18d29d1bc

Time (s): cpu = 00:00:12 ; elapsed = 00:00:05 . Memory (MB): peak = 4614.035 ; gain = 326.070 ; free physical = 76358 ; free virtual = 84305

Phase 2.2 Update Timing before SLR Path Opt
Phase 2.2 Update Timing before SLR Path Opt | Checksum: 18d29d1bc

Time (s): cpu = 00:00:12 ; elapsed = 00:00:05 . Memory (MB): peak = 4614.035 ; gain = 326.070 ; free physical = 76358 ; free virtual = 84305

Phase 2.3 Post-Processing in Floorplanning
Phase 2.3 Post-Processing in Floorplanning | Checksum: 18d29d1bc

Time (s): cpu = 00:00:12 ; elapsed = 00:00:05 . Memory (MB): peak = 4614.035 ; gain = 326.070 ; free physical = 76358 ; free virtual = 84305

Phase 2.4 Global Place Phase1
Phase 2.4 Global Place Phase1 | Checksum: 1c1e58ed5

Time (s): cpu = 00:00:24 ; elapsed = 00:00:08 . Memory (MB): peak = 4671.035 ; gain = 383.070 ; free physical = 76178 ; free virtual = 84126

Phase 2.5 Global Place Phase2

Phase 2.5.1 UpdateTiming Before Physical Synthesis
Phase 2.5.1 UpdateTiming Before Physical Synthesis | Checksum: 212f73c6a

Time (s): cpu = 00:00:24 ; elapsed = 00:00:08 . Memory (MB): peak = 4671.035 ; gain = 383.070 ; free physical = 76178 ; free virtual = 84125

Phase 2.5.2 Physical Synthesis In Placer
INFO: [Physopt 32-1035] Found 0 LUTNM shape to break, 16 LUT instances to create LUTNM shape
INFO: [Physopt 32-1044] Break lutnm for timing: one critical 0, two critical 0, total 0, new lutff created 0
INFO: [Physopt 32-1138] End 1 Pass. Optimized 7 nets or LUTs. Breaked 0 LUT, combined 7 existing LUTs and moved 0 existing LUT
INFO: [Physopt 32-69] No nets found for rewiring optimization.
INFO: [Physopt 32-661] Optimized 0 net.  Re-placed 0 instance.
INFO: [Physopt 32-775] End 1 Pass. Optimized 0 net or cell. Created 0 new cell, deleted 0 existing cell and moved 0 existing cell
INFO: [Physopt 32-65] No nets found for high-fanout optimization.
INFO: [Physopt 32-232] Optimized 0 net. Created 0 new instance.
INFO: [Physopt 32-775] End 1 Pass. Optimized 0 net or cell. Created 0 new cell, deleted 0 existing cell and moved 0 existing cell
INFO: [Physopt 32-457] Pass 1. Identified 3 candidate cells for DSP register optimization.
INFO: [Physopt 32-666] Processed cell stages[5].u_stage/lane_hi_im_reg. No change.
INFO: [Physopt 32-665] Processed cell stages[1].u_stage/mreg_im_reg. 17 registers were pushed out.
INFO: [Physopt 32-665] Processed cell stages[1].u_stage/mreg_re_reg. 17 registers were pushed out.
INFO: [Physopt 32-457] Pass 2. Identified 1 candidate cell for DSP register optimization.
INFO: [Physopt 32-666] Processed cell stages[5].u_stage/lane_hi_im_reg. No change.
INFO: [Physopt 32-775] End 2 Pass. Optimized 2 nets or cells. Created 34 new cells, deleted 0 existing cell and moved 0 existing cell
Netlist sorting complete. Time (s): cpu = 00:00:00.01 ; elapsed = 00:00:00 . Memory (MB): peak = 4671.035 ; gain = 0.000 ; free physical = 76171 ; free virtual = 84128
INFO: [Physopt 32-1123] No candidate cells found for Shift Register to Pipeline optimization
INFO: [Physopt 32-775] End 2 Pass. Optimized 0 net or cell. Created 0 new cell, deleted 0 existing cell and moved 0 existing cell
INFO: [Physopt 32-1401] No candidate cells found for Shift Register optimization.
INFO: [Physopt 32-677] No candidate cells for Shift Register optimization found in the design
INFO: [Physopt 32-775] End 1 Pass. Optimized 0 net or cell. Created 0 new cell, deleted 0 existing cell and moved 0 existing cell
INFO: [Physopt 32-526] No candidate cells for BRAM register optimization found in the design
INFO: [Physopt 32-775] End 1 Pass. Optimized 0 net or cell. Created 0 new cell, deleted 0 existing cell and moved 0 existing cell
INFO: [Physopt 32-846] No candidate cells for URAM register optimization found in the design
INFO: [Physopt 32-775] End 1 Pass. Optimized 0 net or cell. Created 0 new cell, deleted 0 existing cell and moved 0 existing cell
INFO: [Physopt 32-846] No candidate cells for URAM register optimization found in the design
INFO: [Physopt 32-775] End 1 Pass. Optimized 0 net or cell. Created 0 new cell, deleted 0 existing cell and moved 0 existing cell
INFO: [Physopt 32-949] No candidate nets found for dynamic/static region interface net replication
INFO: [Physopt 32-775] End 1 Pass. Optimized 0 net or cell. Created 0 new cell, deleted 0 existing cell and moved 0 existing cell
Netlist sorting complete. Time (s): cpu = 00:00:00 ; elapsed = 00:00:00 . Memory (MB): peak = 4671.035 ; gain = 0.000 ; free physical = 76171 ; free virtual = 84128

Summary of Physical Synthesis Optimizations
============================================


-----------------------------------------------------------------------------------------------------------------------------------------------------------
|  Optimization                                     |  Added Cells  |  Removed Cells  |  Optimized Cells/Nets  |  Dont Touch  |  Iterations  |  Elapsed   |
-----------------------------------------------------------------------------------------------------------------------------------------------------------
|  LUT Combining                                    |            0  |              7  |                     7  |           0  |           1  |  00:00:00  |
|  Retime                                           |            0  |              0  |                     0  |           0  |           1  |  00:00:00  |
|  Equivalent Driver Rewiring                       |            0  |              0  |                     0  |           0  |           1  |  00:00:00  |
|  Very High Fanout                                 |            0  |              0  |                     0  |           0  |           1  |  00:00:00  |
|  DSP Register                                     |           34  |              0  |                     2  |           0  |           1  |  00:00:00  |
|  Shift Register to Pipeline                       |            0  |              0  |                     0  |           0  |           1  |  00:00:00  |
|  Shift Register                                   |            0  |              0  |                     0  |           0  |           1  |  00:00:00  |
|  BRAM Register                                    |            0  |              0  |                     0  |           0  |           1  |  00:00:00  |
|  URAM Register                                    |            0  |              0  |                     0  |           0  |           1  |  00:00:00  |
|  Dynamic/Static Region Interface Net Replication  |            0  |              0  |                     0  |           0  |           1  |  00:00:00  |
|  Total                                            |           34  |              7  |                     9  |           0  |          10  |  00:00:00  |
-----------------------------------------------------------------------------------------------------------------------------------------------------------


Phase 2.5.2 Physical Synthesis In Placer | Checksum: 19ed89248

Time (s): cpu = 00:00:25 ; elapsed = 00:00:09 . Memory (MB): peak = 4671.035 ; gain = 383.070 ; free physical = 76170 ; free virtual = 84127
Phase 2.5 Global Place Phase2 | Checksum: 28cd7be73

Time (s): cpu = 00:00:34 ; elapsed = 00:00:12 . Memory (MB): peak = 4671.035 ; gain = 383.070 ; free physical = 75990 ; free virtual = 83959
Phase 2 Global Placement | Checksum: 28cd7be73

Time (s): cpu = 00:00:34 ; elapsed = 00:00:12 . Memory (MB): peak = 4671.035 ; gain = 383.070 ; free physical = 75989 ; free virtual = 83959

Phase 3 Detail Placement

Phase 3.1 Commit Multi Column Macros
Phase 3.1 Commit Multi Column Macros | Checksum: 1eb3f17d1

Time (s): cpu = 00:00:41 ; elapsed = 00:00:14 . Memory (MB): peak = 4671.035 ; gain = 383.070 ; free physical = 75997 ; free virtual = 83972

Phase 3.2 Commit Most Macros & LUTRAMs
Phase 3.2 Commit Most Macros & LUTRAMs | Checksum: 196d828aa

Time (s): cpu = 00:00:42 ; elapsed = 00:00:14 . Memory (MB): peak = 4671.035 ; gain = 383.070 ; free physical = 75996 ; free virtual = 83972

Phase 3.3 Small Shape DP

Phase 3.3.1 Small Shape Clustering
Phase 3.3.1 Small Shape Clustering | Checksum: 1aa523740

Time (s): cpu = 00:00:51 ; elapsed = 00:00:17 . Memory (MB): peak = 4674.035 ; gain = 386.070 ; free physical = 76061 ; free virtual = 84021

Phase 3.3.2 Slice Area Swap

Phase 3.3.2.1 Slice Area Swap Initial
Phase 3.3.2.1 Slice Area Swap Initial | Checksum: 1528e7303

Time (s): cpu = 00:00:51 ; elapsed = 00:00:17 . Memory (MB): peak = 4674.035 ; gain = 386.070 ; free physical = 76062 ; free virtual = 84022
Phase 3.3.2 Slice Area Swap | Checksum: 1528e7303

Time (s): cpu = 00:00:51 ; elapsed = 00:00:17 . Memory (MB): peak = 4674.035 ; gain = 386.070 ; free physical = 76062 ; free virtual = 84022
Phase 3.3 Small Shape DP | Checksum: 1d48dc4df

Time (s): cpu = 00:00:52 ; elapsed = 00:00:17 . Memory (MB): peak = 4674.035 ; gain = 386.070 ; free physical = 76062 ; free virtual = 84022

Phase 3.4 Re-assign LUT pins
Phase 3.4 Re-assign LUT pins | Checksum: 177fd1ab9

Time (s): cpu = 00:00:52 ; elapsed = 00:00:17 . Memory (MB): peak = 4674.035 ; gain = 386.070 ; free physical = 76062 ; free virtual = 84022

Phase 3.5 Pipeline Register Optimization
Phase 3.5 Pipeline Register Optimization | Checksum: 16991fb6a

Time (s): cpu = 00:00:52 ; elapsed = 00:00:17 . Memory (MB): peak = 4674.035 ; gain = 386.070 ; free physical = 76062 ; free virtual = 84022

Phase 3.6 Fast Optimization
Phase 3.6 Fast Optimization | Checksum: 11f0d5a0a

Time (s): cpu = 00:00:54 ; elapsed = 00:00:18 . Memory (MB): peak = 4674.035 ; gain = 386.070 ; free physical = 76126 ; free virtual = 84086
Phase 3 Detail Placement | Checksum: 11f0d5a0a

Time (s): cpu = 00:00:54 ; elapsed = 00:00:18 . Memory (MB): peak = 4674.035 ; gain = 386.070 ; free physical = 76138 ; free virtual = 84098

Phase 4 Post Placement Optimization and Clean-Up

Phase 4.1 Post Commit Optimization
INFO: [Timing 38-35] Done setting XDC timing constraints.

Phase 4.1.1 Post Placement Optimization
Post Placement Optimization Initialization | Checksum: d1a509b2

Phase 4.1.1.1 BUFG Insertion

Starting Physical Synthesis Task

Phase 1 Physical Synthesis Initialization
INFO: [Physopt 32-721] Multithreading enabled for phys_opt_design using a maximum of 8 CPUs
INFO: [Physopt 32-619] Estimated Timing Summary | WNS=0.034 | TNS=0.000 |
Phase 1 Physical Synthesis Initialization | Checksum: 80ebc172

Time (s): cpu = 00:00:00.3 ; elapsed = 00:00:00.08 . Memory (MB): peak = 4674.035 ; gain = 0.000 ; free physical = 76097 ; free virtual = 84084
INFO: [Place 46-35] Processed net stages[1].u_stage/CEB1, inserted BUFG to drive 2595 loads.
INFO: [Place 46-56] BUFG insertion identified 1 candidate nets. Inserted BUFG: 1, Replicated BUFG Driver: 0, Skipped due to Placement/Routing Conflicts: 0, Skipped due to Timing Degradation: 0, Skipped due to netlist editing failed: 0.
Ending Physical Synthesis Task | Checksum: 1eaf22a4a

Time (s): cpu = 00:00:00.73 ; elapsed = 00:00:00.36 . Memory (MB): peak = 4674.035 ; gain = 0.000 ; free physical = 76099 ; free virtual = 84085
Phase 4.1.1.1 BUFG Insertion | Checksum: 24dd6421d

Time (s): cpu = 00:01:07 ; elapsed = 00:00:22 . Memory (MB): peak = 4674.035 ; gain = 386.070 ; free physical = 76099 ; free virtual = 84085

Phase 4.1.1.2 Post Placement Timing Optimization
INFO: [Place 30-746] Post Placement Timing Summary WNS=0.034. For the most accurate timing information please run report_timing.
Phase 4.1.1.2 Post Placement Timing Optimization | Checksum: 1c5f49fab

Time (s): cpu = 00:01:14 ; elapsed = 00:00:28 . Memory (MB): peak = 4674.035 ; gain = 386.070 ; free physical = 76169 ; free virtual = 84123

Time (s): cpu = 00:01:14 ; elapsed = 00:00:28 . Memory (MB): peak = 4674.035 ; gain = 386.070 ; free physical = 76169 ; free virtual = 84123
Phase 4.1 Post Commit Optimization | Checksum: 1ee2d0510

Time (s): cpu = 00:01:14 ; elapsed = 00:00:28 . Memory (MB): peak = 4674.035 ; gain = 386.070 ; free physical = 76169 ; free virtual = 84123
Netlist sorting complete. Time (s): cpu = 00:00:00 ; elapsed = 00:00:00.01 . Memory (MB): peak = 4728.020 ; gain = 0.000 ; free physical = 76135 ; free virtual = 84089

Phase 4.2 Post Placement Cleanup
Phase 4.2 Post Placement Cleanup | Checksum: 209a91da2

Time (s): cpu = 00:01:24 ; elapsed = 00:00:33 . Memory (MB): peak = 4728.020 ; gain = 440.055 ; free physical = 76135 ; free virtual = 84089

Phase 4.3 Placer Reporting

Phase 4.3.1 Print Estimated Congestion
INFO: [Place 30-612] Post-Placement Estimated Congestion 
 ________________________________________________________________________
|           | Global Congestion | Long Congestion   | Short Congestion  |
| Direction | Region Size       | Region Size       | Region Size       |
|___________|___________________|___________________|___________________|
|      North|                1x1|                1x1|                1x1|
|___________|___________________|___________________|___________________|
|      South|                1x1|                1x1|                1x1|
|___________|___________________|___________________|___________________|
|       East|                1x1|                1x1|                1x1|
|___________|___________________|___________________|___________________|
|       West|                1x1|                1x1|                1x1|
|___________|___________________|___________________|___________________|

Phase 4.3.1 Print Estimated Congestion | Checksum: 209a91da2

Time (s): cpu = 00:01:24 ; elapsed = 00:00:33 . Memory (MB): peak = 4728.020 ; gain = 440.055 ; free physical = 76135 ; free virtual = 84089
Phase 4.3 Placer Reporting | Checksum: 209a91da2

Time (s): cpu = 00:01:24 ; elapsed = 00:00:33 . Memory (MB): peak = 4728.020 ; gain = 440.055 ; free physical = 76135 ; free virtual = 84089

Phase 4.4 Final Placement Cleanup
Netlist sorting complete. Time (s): cpu = 00:00:00 ; elapsed = 00:00:00 . Memory (MB): peak = 4728.020 ; gain = 0.000 ; free physical = 76135 ; free virtual = 84089

Time (s): cpu = 00:01:24 ; elapsed = 00:00:33 . Memory (MB): peak = 4728.020 ; gain = 440.055 ; free physical = 76135 ; free virtual = 84089
Phase 4 Post Placement Optimization and Clean-Up | Checksum: 246ec42f6

Time (s): cpu = 00:01:24 ; elapsed = 00:00:33 . Memory (MB): peak = 4728.020 ; gain = 440.055 ; free physical = 76135 ; free virtual = 84089
Ending Placer Task | Checksum: 2180eff4e

Time (s): cpu = 00:01:24 ; elapsed = 00:00:33 . Memory (MB): peak = 4728.020 ; gain = 440.055 ; free physical = 76135 ; free virtual = 84089
44 Infos, 0 Warnings, 0 Critical Warnings and 0 Errors encountered.
place_design completed successfully
place_design: Time (s): cpu = 00:01:27 ; elapsed = 00:00:34 . Memory (MB): peak = 4728.020 ; gain = 440.055 ; free physical = 76135 ; free virtual = 84089
# phys_opt_design
Command: phys_opt_design
Attempting to get a license for feature 'Vivado_Implementation' and/or device 'xcku5p'
INFO: [Common 17-349] Got license for feature 'Vivado_Implementation' and/or device 'xcku5p'

Starting Initial Update Timing Task

Time (s): cpu = 00:00:02 ; elapsed = 00:00:00.81 . Memory (MB): peak = 4728.020 ; gain = 0.000 ; free physical = 76124 ; free virtual = 84078
INFO: [Vivado_Tcl 4-2279] Estimated Timing Summary | WNS= 0.094 | TNS= 0.000 | 
INFO: [Vivado_Tcl 4-383] Design worst setup slack (WNS) is greater than or equal to 0.000 ns. All physical synthesis setup optimizations will be skipped.
INFO: [Vivado_Tcl 4-232] No setup violation found. The netlist was not modified.
INFO: [Common 17-83] Releasing license: Vivado_Implementation
5 Infos, 0 Warnings, 0 Critical Warnings and 0 Errors encountered.
phys_opt_design completed successfully
# route_design
Command: route_design
Attempting to get a license for feature 'Vivado_Implementation' and/or device 'xcku5p'
INFO: [Common 17-349] Got license for feature 'Vivado_Implementation' and/or device 'xcku5p'


Starting Routing Task
INFO: [Route 35-254] Multithreading enabled for route_design using a maximum of 8 CPUs

Phase 1 Build RT Design
Checksum: PlaceDB: fd2fde36 ConstDB: 0 ShapeSum: 48bc152a RouteDB: d2230bee
Nodegraph reading from file.  Time (s): cpu = 00:00:00.37 ; elapsed = 00:00:00.39 . Memory (MB): peak = 4728.020 ; gain = 0.000 ; free physical = 76122 ; free virtual = 84079
Post Restoration Checksum: NetGraph: b786fe6d | NumContArr: 61633032 | Constraints: 1c44e476 | Timing: c2a8fa9d
Phase 1 Build RT Design | Checksum: 1f7d80db2

Time (s): cpu = 00:00:06 ; elapsed = 00:00:04 . Memory (MB): peak = 4728.020 ; gain = 0.000 ; free physical = 76134 ; free virtual = 84094

Phase 2 Router Initialization

Phase 2.1 Fix Topology Constraints
Phase 2.1 Fix Topology Constraints | Checksum: 1f7d80db2

Time (s): cpu = 00:00:06 ; elapsed = 00:00:04 . Memory (MB): peak = 4728.020 ; gain = 0.000 ; free physical = 76134 ; free virtual = 84095

Phase 2.2 Pre Route Cleanup
Phase 2.2 Pre Route Cleanup | Checksum: 1f7d80db2

Time (s): cpu = 00:00:06 ; elapsed = 00:00:04 . Memory (MB): peak = 4728.020 ; gain = 0.000 ; free physical = 76134 ; free virtual = 84095

Phase 2.3 Global Clock Net Routing
 Number of Nodes with overlaps = 0
Phase 2.3 Global Clock Net Routing | Checksum: 218edcff4

Time (s): cpu = 00:00:07 ; elapsed = 00:00:04 . Memory (MB): peak = 4728.020 ; gain = 0.000 ; free physical = 76137 ; free virtual = 84098

Phase 2.4 Update Timing
Phase 2.4 Update Timing | Checksum: 1062aaee4

Time (s): cpu = 00:00:09 ; elapsed = 00:00:05 . Memory (MB): peak = 4728.020 ; gain = 0.000 ; free physical = 76145 ; free virtual = 84104
INFO: [Route 35-416] Intermediate Timing Summary | WNS=0.094  | TNS=0.000  | WHS=-0.049 | THS=-2.987 |


Phase 2.5 Soft Constraint Pins - Fast Budgeting
Phase 2.5 Soft Constraint Pins - Fast Budgeting | Checksum: 1062f50c1

Time (s): cpu = 00:00:10 ; elapsed = 00:00:05 . Memory (MB): peak = 4728.020 ; gain = 0.000 ; free physical = 76145 ; free virtual = 84104

Router Utilization Summary
  Global Vertical Routing Utilization    = 0 %
  Global Horizontal Routing Utilization  = 0 %
  Routable Net Status*
  *Does not include unroutable nets such as driverless and loadless.
  Run report_route_status for detailed report.
  Number of Failed Nets               = 4391
    (Failed Nets is the sum of unrouted and partially routed nets)
  Number of Unrouted Nets             = 4316
  Number of Partially Routed Nets     = 75
  Number of Node Overlaps             = 0

Phase 2 Router Initialization | Checksum: f2dd7535

Time (s): cpu = 00:00:11 ; elapsed = 00:00:06 . Memory (MB): peak = 4728.020 ; gain = 0.000 ; free physical = 76148 ; free virtual = 84108

Phase 3 Global Routing
Phase 3 Global Routing | Checksum: f2dd7535

Time (s): cpu = 00:00:11 ; elapsed = 00:00:06 . Memory (MB): peak = 4728.020 ; gain = 0.000 ; free physical = 76148 ; free virtual = 84108

Phase 4 Initial Routing

Phase 4.1 Initial Net Routing Pass
Phase 4.1 Initial Net Routing Pass | Checksum: 123ac9347

Time (s): cpu = 00:00:13 ; elapsed = 00:00:06 . Memory (MB): peak = 4728.020 ; gain = 0.000 ; free physical = 76147 ; free virtual = 84105
Phase 4 Initial Routing | Checksum: e808527b

Time (s): cpu = 00:00:13 ; elapsed = 00:00:06 . Memory (MB): peak = 4728.020 ; gain = 0.000 ; free physical = 76147 ; free virtual = 84105

Phase 5 Rip-up And Reroute

Phase 5.1 Global Iteration 0
 Number of Nodes with overlaps = 548
 Number of Nodes with overlaps = 69
 Number of Nodes with overlaps = 5
 Number of Nodes with overlaps = 1
 Number of Nodes with overlaps = 0
INFO: [Route 35-416] Intermediate Timing Summary | WNS=0.090  | TNS=0.000  | WHS=-0.025 | THS=-0.429 |

Phase 5.1 Global Iteration 0 | Checksum: 14da39309

Time (s): cpu = 00:00:20 ; elapsed = 00:00:09 . Memory (MB): peak = 4728.020 ; gain = 0.000 ; free physical = 76149 ; free virtual = 84110

Phase 5.2 Additional Iteration for Hold
Phase 5.2 Additional Iteration for Hold | Checksum: fe193dcd

Time (s): cpu = 00:00:20 ; elapsed = 00:00:09 . Memory (MB): peak = 4728.020 ; gain = 0.000 ; free physical = 76149 ; free virtual = 84110
Phase 5 Rip-up And Reroute | Checksum: fe193dcd

Time (s): cpu = 00:00:20 ; elapsed = 00:00:09 . Memory (MB): peak = 4728.020 ; gain = 0.000 ; free physical = 76149 ; free virtual = 84110

Phase 6 Delay and Skew Optimization

Phase 6.1 Delay CleanUp
INFO: [Route 35-416] Intermediate Timing Summary | WNS=0.090  | TNS=0.000  | WHS=0.010  | THS=0.000  |

INFO: [Route 35-416] Intermediate Timing Summary | WNS=0.090  | TNS=0.000  | WHS=0.010  | THS=0.000  |

Phase 6.1 Delay CleanUp | Checksum: 1213e8086

Time (s): cpu = 00:00:21 ; elapsed = 00:00:09 . Memory (MB): peak = 4728.020 ; gain = 0.000 ; free physical = 76151 ; free virtual = 84111

Phase 6.2 Clock Skew Optimization
Phase 6.2 Clock Skew Optimization | Checksum: 1213e8086

Time (s): cpu = 00:00:21 ; elapsed = 00:00:09 . Memory (MB): peak = 4728.020 ; gain = 0.000 ; free physical = 76151 ; free virtual = 84111
Phase 6 Delay and Skew Optimization | Checksum: 1213e8086

Time (s): cpu = 00:00:21 ; elapsed = 00:00:09 . Memory (MB): peak = 4728.020 ; gain = 0.000 ; free physical = 76151 ; free virtual = 84111

Phase 7 Post Hold Fix

Phase 7.1 Hold Fix Iter
INFO: [Route 35-416] Intermediate Timing Summary | WNS=0.090  | TNS=0.000  | WHS=0.010  | THS=0.000  |

Phase 7.1 Hold Fix Iter | Checksum: 5cbb5356

Time (s): cpu = 00:00:21 ; elapsed = 00:00:09 . Memory (MB): peak = 4728.020 ; gain = 0.000 ; free physical = 76151 ; free virtual = 84111
Phase 7 Post Hold Fix | Checksum: 5cbb5356

Time (s): cpu = 00:00:21 ; elapsed = 00:00:09 . Memory (MB): peak = 4728.020 ; gain = 0.000 ; free physical = 76151 ; free virtual = 84111

Phase 8 Route finalize

Router Utilization Summary
  Global Vertical Routing Utilization    = 0.17483 %
  Global Horizontal Routing Utilization  = 0.222658 %
  Routable Net Status*
  *Does not include unroutable nets such as driverless and loadless.
  Run report_route_status for detailed report.
  Number of Failed Nets               = 0
    (Failed Nets is the sum of unrouted and partially routed nets)
  Number of Unrouted Nets             = 0
  Number of Partially Routed Nets     = 0
  Number of Node Overlaps             = 0

Phase 8 Route finalize | Checksum: 5cbb5356

Time (s): cpu = 00:00:22 ; elapsed = 00:00:09 . Memory (MB): peak = 4728.020 ; gain = 0.000 ; free physical = 76151 ; free virtual = 84111

Phase 9 Verifying routed nets

 Verification completed successfully
Phase 9 Verifying routed nets | Checksum: 5cbb5356

Time (s): cpu = 00:00:22 ; elapsed = 00:00:09 . Memory (MB): peak = 4728.020 ; gain = 0.000 ; free physical = 76151 ; free virtual = 84111

Phase 10 Depositing Routes
Phase 10 Depositing Routes | Checksum: 5cbb5356

Time (s): cpu = 00:00:22 ; elapsed = 00:00:09 . Memory (MB): peak = 4728.020 ; gain = 0.000 ; free physical = 76152 ; free virtual = 84113

Phase 11 Resolve XTalk
Phase 11 Resolve XTalk | Checksum: 5cbb5356

Time (s): cpu = 00:00:22 ; elapsed = 00:00:09 . Memory (MB): peak = 4728.020 ; gain = 0.000 ; free physical = 76152 ; free virtual = 84113

Phase 12 Post Process Routing
Phase 12 Post Process Routing | Checksum: 5cbb5356

Time (s): cpu = 00:00:22 ; elapsed = 00:00:10 . Memory (MB): peak = 4728.020 ; gain = 0.000 ; free physical = 76152 ; free virtual = 84113

Phase 13 Post Router Timing
INFO: [Route 35-57] Estimated Timing Summary | WNS=0.090  | TNS=0.000  | WHS=0.010  | THS=0.000  |

INFO: [Route 35-327] The final timing numbers are based on the router estimated timing analysis. For a complete and accurate timing signoff, please run report_timing_summary.
Phase 13 Post Router Timing | Checksum: 5cbb5356

Time (s): cpu = 00:00:22 ; elapsed = 00:00:10 . Memory (MB): peak = 4728.020 ; gain = 0.000 ; free physical = 76152 ; free virtual = 84113
Total Elapsed time in route_design: 9.51 secs

Phase 14 Post-Route Event Processing
Phase 14 Post-Route Event Processing | Checksum: 1fc982211

Time (s): cpu = 00:00:22 ; elapsed = 00:00:10 . Memory (MB): peak = 4728.020 ; gain = 0.000 ; free physical = 76152 ; free virtual = 84113
INFO: [Route 35-16] Router Completed Successfully
Ending Routing Task | Checksum: 1fc982211

Time (s): cpu = 00:00:22 ; elapsed = 00:00:10 . Memory (MB): peak = 4728.020 ; gain = 0.000 ; free physical = 76152 ; free virtual = 84113

Routing Is Done.
INFO: [Common 17-83] Releasing license: Vivado_Implementation
11 Infos, 0 Warnings, 0 Critical Warnings and 0 Errors encountered.
route_design completed successfully
route_design: Time (s): cpu = 00:00:22 ; elapsed = 00:00:10 . Memory (MB): peak = 4728.020 ; gain = 0.000 ; free physical = 76152 ; free virtual = 84113
# report_timing_summary -delay_type max -max_paths 10 \
#     -file [file join $outdir timing_pr.txt]
INFO: [Timing 38-91] UpdateTimingParams: Speed grade: -1, Temperature grade: E, Delay Type: max.
INFO: [Timing 38-191] Multithreading enabled for timing update using a maximum of 8 CPUs
# report_utilization -file [file join $outdir util_pr.txt]
# report_route_status -file [file join $outdir route_status.txt]
# write_checkpoint -force [file join $outdir route.dcp]
INFO: [Timing 38-480] Writing timing data to binary archive.
Wrote PlaceDB: Time (s): cpu = 00:00:00 ; elapsed = 00:00:00 . Memory (MB): peak = 4728.020 ; gain = 0.000 ; free physical = 76144 ; free virtual = 84103
Wrote PulsedLatchDB: Time (s): cpu = 00:00:00 ; elapsed = 00:00:00 . Memory (MB): peak = 4728.020 ; gain = 0.000 ; free physical = 76144 ; free virtual = 84103
Writing XDEF routing.
Write ShapeDB Complete: Time (s): cpu = 00:00:00.03 ; elapsed = 00:00:00.01 . Memory (MB): peak = 4728.020 ; gain = 0.000 ; free physical = 76144 ; free virtual = 84102
Writing XDEF routing logical nets.
Writing XDEF routing special nets.
Wrote RouteStorage: Time (s): cpu = 00:00:00.27 ; elapsed = 00:00:00.08 . Memory (MB): peak = 4728.020 ; gain = 0.000 ; free physical = 76140 ; free virtual = 84102
Wrote PlaceStorage: Time (s): cpu = 00:00:00.08 ; elapsed = 00:00:00.08 . Memory (MB): peak = 4728.020 ; gain = 0.000 ; free physical = 76138 ; free virtual = 84103
Wrote Netlist Cache: Time (s): cpu = 00:00:00 ; elapsed = 00:00:00 . Memory (MB): peak = 4728.020 ; gain = 0.000 ; free physical = 76136 ; free virtual = 84102
Wrote Device Cache: Time (s): cpu = 00:00:00.01 ; elapsed = 00:00:00.01 . Memory (MB): peak = 4728.020 ; gain = 0.000 ; free physical = 76132 ; free virtual = 84100
Write Physdb Complete: Time (s): cpu = 00:00:00.36 ; elapsed = 00:00:00.19 . Memory (MB): peak = 4728.020 ; gain = 0.000 ; free physical = 76132 ; free virtual = 84100
INFO: [Common 17-1381] The checkpoint '/home/hannes/Projects/fftgen/spikes/S2_timing/build_ku5p/N64_7layer/route.dcp' has been generated.
INFO: [Common 17-206] Exiting Vivado at Mon Aug 24 22:19:07 2026...
