INFO: [Common 17-3922] A valid Vivado Design Suite BASIC license has been detected. Your current license is active and will expire on 21-jul-2027.

****** Vivado v2026.1 (64-bit)
  **** SW Build 6511674 on Tue Jun 16 11:01:26 MDT 2026
  **** IP Build 6504888 on Tue Jun 09 09:05:25 MDT 2026
  **** SharedData Build 6501428 on Mon Jun 08 17:34:18 MDT 2026
  **** Start of session at: Mon Aug 24 21:29:31 2026
    ** Copyright 1986-2022 Xilinx, Inc. All Rights Reserved.
    ** Copyright 2022-2026 Advanced Micro Devices, Inc. All Rights Reserved.

source tcl/synth_v.tcl
# set part   [lindex $argv 0]
# set outdir [lindex $argv 1]
# file mkdir $outdir
# create_project -in_memory -part $part
# add_files -fileset sources_1 /home/hannes/Projects/fftgen/spikes/S3_dsp_cascade/rtl/dsp_cascade_v.v
# set_property top dsp_cascade_v [current_fileset]
# synth_design -top dsp_cascade_v
Command: synth_design -top dsp_cascade_v
Starting synth_design
Using part: xcku5p-ffva676-1-e
Attempting to get a license for feature 'Vivado_Synthesis' and/or device 'xcku5p'
INFO: [Common 17-349] Got license for feature 'Vivado_Synthesis' and/or device 'xcku5p'
INFO: [Synth 8-7079] Multithreading enabled for synth_design using a maximum of 7 processes.
INFO: [Synth 8-7078] Launching helper process for spawning children vivado processes
INFO: [Synth 8-7075] Helper process launched with PID 80580
---------------------------------------------------------------------------------
Starting Synthesize : Time (s): cpu = 00:00:03 ; elapsed = 00:00:03 . Memory (MB): peak = 2206.883 ; gain = 495.586 ; free physical = 79401 ; free virtual = 86658
---------------------------------------------------------------------------------
INFO: [Synth 8-6157] synthesizing module 'dsp_cascade_v' [/home/hannes/Projects/fftgen/spikes/S3_dsp_cascade/rtl/dsp_cascade_v.v:3]
INFO: [Synth 8-6155] done synthesizing module 'dsp_cascade_v' (0#1) [/home/hannes/Projects/fftgen/spikes/S3_dsp_cascade/rtl/dsp_cascade_v.v:3]
---------------------------------------------------------------------------------
Finished Synthesize : Time (s): cpu = 00:00:04 ; elapsed = 00:00:04 . Memory (MB): peak = 2291.820 ; gain = 580.523 ; free physical = 79295 ; free virtual = 86553
---------------------------------------------------------------------------------
---------------------------------------------------------------------------------
Finished Constraint Validation : Time (s): cpu = 00:00:04 ; elapsed = 00:00:04 . Memory (MB): peak = 2306.664 ; gain = 595.367 ; free physical = 79293 ; free virtual = 86551
---------------------------------------------------------------------------------
---------------------------------------------------------------------------------
Start Loading Part and Timing Information
---------------------------------------------------------------------------------
Loading part: xcku5p-ffva676-1-e
INFO: [Device 21-403] Loading part xcku5p-ffva676-1-e
INFO: [Synth 8-6742] Reading net delay rules and data
---------------------------------------------------------------------------------
Finished Loading Part and Timing Information : Time (s): cpu = 00:00:04 ; elapsed = 00:00:04 . Memory (MB): peak = 2315.570 ; gain = 604.273 ; free physical = 79293 ; free virtual = 86550
---------------------------------------------------------------------------------
WARNING: [Synth 8-3936] Found unconnected internal register 'acc_reg' and it is trimmed from '44' to '42' bits. [/home/hannes/Projects/fftgen/spikes/S3_dsp_cascade/rtl/dsp_cascade_v.v:16]
---------------------------------------------------------------------------------
Finished RTL Optimization Phase 2 : Time (s): cpu = 00:00:04 ; elapsed = 00:00:04 . Memory (MB): peak = 2315.570 ; gain = 604.273 ; free physical = 79287 ; free virtual = 86546
---------------------------------------------------------------------------------
No constraint files found.
---------------------------------------------------------------------------------
Start RTL Component Statistics 
---------------------------------------------------------------------------------
Detailed RTL Component Info : 
+---Adders : 
	   3 Input   42 Bit       Adders := 1     
+---Registers : 
	               42 Bit    Registers := 2     
	               36 Bit    Registers := 2     
---------------------------------------------------------------------------------
Finished RTL Component Statistics 
---------------------------------------------------------------------------------
---------------------------------------------------------------------------------
Start Part Resource Summary
---------------------------------------------------------------------------------
Part Resources:
DSPs: 1824 (col length:96)
BRAMs: 960 (col length: RAMB18 96 RAMB36 48)
---------------------------------------------------------------------------------
Finished Part Resource Summary
---------------------------------------------------------------------------------
No constraint files found.
---------------------------------------------------------------------------------
Start Cross Boundary and Area Optimization
---------------------------------------------------------------------------------
DSP Report: Generating DSP acc1, operation Mode is: A*B.
DSP Report: operator acc1 is absorbed into DSP acc1.
DSP Report: Generating DSP p0_reg, operation Mode is: (A*B)'.
DSP Report: register p0_reg is absorbed into DSP p0_reg.
DSP Report: operator p00 is absorbed into DSP p0_reg.
DSP Report: Generating DSP p1_reg, operation Mode is: (PCIN+A*B)'.
DSP Report: register p1_reg is absorbed into DSP p1_reg.
DSP Report: operator p10 is absorbed into DSP p1_reg.
DSP Report: operator p11 is absorbed into DSP p1_reg.
DSP Report: Generating DSP p2_reg, operation Mode is: (PCIN-A*B)'.
DSP Report: register p2_reg is absorbed into DSP p2_reg.
DSP Report: operator p20 is absorbed into DSP p2_reg.
DSP Report: operator p21 is absorbed into DSP p2_reg.
---------------------------------------------------------------------------------
Finished Cross Boundary and Area Optimization : Time (s): cpu = 00:00:09 ; elapsed = 00:00:09 . Memory (MB): peak = 3189.352 ; gain = 1478.055 ; free physical = 78461 ; free virtual = 85725
---------------------------------------------------------------------------------
 Sort Area is  p0_reg_0 : 0 0 : 2514 7899 : Used 1 time 0
 Sort Area is  p0_reg_0 : 0 1 : 2621 7899 : Used 1 time 0
 Sort Area is  p0_reg_0 : 0 2 : 2764 7899 : Used 1 time 0
 Sort Area is  acc1_4 : 0 0 : 2478 2478 : Used 1 time 0
---------------------------------------------------------------------------------
Start ROM, RAM, DSP, Shift Register and Retiming Reporting
---------------------------------------------------------------------------------

DSP: Preliminary Mapping Report (see note below. The ' indicates corresponding REG is set)
+--------------+-------------+--------+--------+--------+--------+--------+------+------+------+------+-------+------+------+
|Module Name   | DSP Mapping | A Size | B Size | C Size | D Size | P Size | AREG | BREG | CREG | DREG | ADREG | MREG | PREG | 
+--------------+-------------+--------+--------+--------+--------+--------+------+------+------+------+-------+------+------+
|dsp_cascade_v | A*B         | 18     | 18     | -      | -      | 36     | 0    | 0    | -    | -    | -     | 0    | 0    | 
|dsp_cascade_v | (A*B)'      | 18     | 18     | -      | -      | 36     | 0    | 0    | -    | -    | -     | 1    | 0    | 
|dsp_cascade_v | (PCIN+A*B)' | 18     | 18     | -      | -      | 36     | 0    | 0    | -    | -    | -     | 0    | 1    | 
|dsp_cascade_v | (PCIN-A*B)' | 18     | 18     | -      | -      | 36     | 0    | 0    | -    | -    | -     | 0    | 1    | 
+--------------+-------------+--------+--------+--------+--------+--------+------+------+------+------+-------+------+------+

Note: The table above is a preliminary report that shows the DSPs inferred at the current stage of the synthesis flow. Some DSP may be reimplemented as non DSP primitives later in the synthesis flow. Multiple instantiated DSPs are reported only once.
---------------------------------------------------------------------------------
Finished ROM, RAM, DSP, Shift Register and Retiming Reporting
---------------------------------------------------------------------------------
No constraint files found.
---------------------------------------------------------------------------------
Start Timing Optimization
---------------------------------------------------------------------------------
---------------------------------------------------------------------------------
Finished Timing Optimization : Time (s): cpu = 00:00:09 ; elapsed = 00:00:09 . Memory (MB): peak = 3189.352 ; gain = 1478.055 ; free physical = 78461 ; free virtual = 85725
---------------------------------------------------------------------------------
---------------------------------------------------------------------------------
Start Technology Mapping
---------------------------------------------------------------------------------
---------------------------------------------------------------------------------
Finished Technology Mapping : Time (s): cpu = 00:00:09 ; elapsed = 00:00:09 . Memory (MB): peak = 3189.352 ; gain = 1478.055 ; free physical = 78461 ; free virtual = 85725
---------------------------------------------------------------------------------
---------------------------------------------------------------------------------
Start IO Insertion
---------------------------------------------------------------------------------
---------------------------------------------------------------------------------
Start Flattening Before IO Insertion
---------------------------------------------------------------------------------
---------------------------------------------------------------------------------
Finished Flattening Before IO Insertion
---------------------------------------------------------------------------------
---------------------------------------------------------------------------------
Start Final Netlist Cleanup
---------------------------------------------------------------------------------
---------------------------------------------------------------------------------
Finished Final Netlist Cleanup
---------------------------------------------------------------------------------
---------------------------------------------------------------------------------
Finished IO Insertion : Time (s): cpu = 00:00:12 ; elapsed = 00:00:12 . Memory (MB): peak = 3294.164 ; gain = 1582.867 ; free physical = 78354 ; free virtual = 85618
---------------------------------------------------------------------------------
---------------------------------------------------------------------------------
Start Renaming Generated Instances
---------------------------------------------------------------------------------
---------------------------------------------------------------------------------
Finished Renaming Generated Instances : Time (s): cpu = 00:00:12 ; elapsed = 00:00:12 . Memory (MB): peak = 3294.164 ; gain = 1582.867 ; free physical = 78354 ; free virtual = 85618
---------------------------------------------------------------------------------
---------------------------------------------------------------------------------
Start Rebuilding User Hierarchy
---------------------------------------------------------------------------------
---------------------------------------------------------------------------------
Finished Rebuilding User Hierarchy : Time (s): cpu = 00:00:12 ; elapsed = 00:00:12 . Memory (MB): peak = 3294.164 ; gain = 1582.867 ; free physical = 78354 ; free virtual = 85618
---------------------------------------------------------------------------------
---------------------------------------------------------------------------------
Start Renaming Generated Ports
---------------------------------------------------------------------------------
---------------------------------------------------------------------------------
Finished Renaming Generated Ports : Time (s): cpu = 00:00:12 ; elapsed = 00:00:12 . Memory (MB): peak = 3294.164 ; gain = 1582.867 ; free physical = 78354 ; free virtual = 85618
---------------------------------------------------------------------------------
---------------------------------------------------------------------------------
Start Handling Custom Attributes
---------------------------------------------------------------------------------
---------------------------------------------------------------------------------
Finished Handling Custom Attributes : Time (s): cpu = 00:00:12 ; elapsed = 00:00:12 . Memory (MB): peak = 3294.164 ; gain = 1582.867 ; free physical = 78354 ; free virtual = 85618
---------------------------------------------------------------------------------
---------------------------------------------------------------------------------
Start Renaming Generated Nets
---------------------------------------------------------------------------------
---------------------------------------------------------------------------------
Finished Renaming Generated Nets : Time (s): cpu = 00:00:12 ; elapsed = 00:00:12 . Memory (MB): peak = 3294.164 ; gain = 1582.867 ; free physical = 78354 ; free virtual = 85618
---------------------------------------------------------------------------------
---------------------------------------------------------------------------------
Start Writing Synthesis Report
---------------------------------------------------------------------------------

DSP Final Report (the ' indicates corresponding REG is set)
+--------------+---------------+--------+--------+--------+--------+--------+------+------+------+------+-------+------+------+
|Module Name   | DSP Mapping   | A Size | B Size | C Size | D Size | P Size | AREG | BREG | CREG | DREG | ADREG | MREG | PREG | 
+--------------+---------------+--------+--------+--------+--------+--------+------+------+------+------+-------+------+------+
|dsp_cascade_v | A*B           | 30     | 18     | -      | -      | 36     | 0    | 0    | -    | -    | -     | 0    | 0    | 
|dsp_cascade_v | (A*B)'        | 30     | 18     | -      | -      | 36     | 0    | 0    | -    | -    | -     | 0    | 1    | 
|dsp_cascade_v | (PCIN+A*B)'   | 30     | 18     | -      | -      | 36     | 0    | 0    | -    | -    | -     | 0    | 1    | 
|dsp_cascade_v | (PCIN-(A*B))' | 30     | 18     | -      | -      | 36     | 0    | 0    | -    | -    | -     | 0    | 1    | 
+--------------+---------------+--------+--------+--------+--------+--------+------+------+------+------+-------+------+------+


Report BlackBoxes: 
+-+--------------+----------+
| |BlackBox name |Instances |
+-+--------------+----------+
+-+--------------+----------+

Report Cell Usage: 
+------+----------------+------+
|      |Cell            |Count |
+------+----------------+------+
|1     |BUFG            |     1|
|2     |CARRY8          |     5|
|3     |DSP48E2         |     1|
|4     |DSP_ALU         |     3|
|5     |DSP_A_B_DATA    |     3|
|6     |DSP_C_DATA      |     3|
|7     |DSP_MULTIPLIER  |     3|
|8     |DSP_M_DATA      |     3|
|9     |DSP_OUTPUT      |     3|
|10    |DSP_PREADD      |     3|
|11    |DSP_PREADD_DATA |     3|
|12    |LUT2            |    35|
|13    |LUT3            |     2|
|14    |FDRE            |    74|
|15    |IBUF            |   145|
|16    |OBUF            |    42|
+------+----------------+------+

Report Instance Areas: 
+------+---------+-----------------+------+
|      |Instance |Module           |Cells |
+------+---------+-----------------+------+
|1     |top      |                 |   329|
|2     |  p0_reg |p0_reg_funnel    |     8|
|3     |  p1_reg |p2_reg_funnel__1 |     8|
|4     |  p2_reg |p2_reg_funnel    |     8|
+------+---------+-----------------+------+
---------------------------------------------------------------------------------
Finished Writing Synthesis Report : Time (s): cpu = 00:00:12 ; elapsed = 00:00:12 . Memory (MB): peak = 3294.164 ; gain = 1582.867 ; free physical = 78354 ; free virtual = 85618
---------------------------------------------------------------------------------
Synthesis finished with 0 errors, 0 critical warnings and 1 warnings.
Synthesis Optimization Runtime : Time (s): cpu = 00:00:12 ; elapsed = 00:00:12 . Memory (MB): peak = 3294.164 ; gain = 1582.867 ; free physical = 78354 ; free virtual = 85618
Synthesis Optimization Complete : Time (s): cpu = 00:00:12 ; elapsed = 00:00:12 . Memory (MB): peak = 3297.133 ; gain = 1582.867 ; free physical = 78354 ; free virtual = 85618
INFO: [Project 1-571] Translating synthesized netlist
Netlist sorting complete. Time (s): cpu = 00:00:00 ; elapsed = 00:00:00 . Memory (MB): peak = 3308.039 ; gain = 0.000 ; free physical = 78478 ; free virtual = 85742
INFO: [Netlist 29-17] Analyzing 155 Unisim elements for replacement
INFO: [Netlist 29-28] Unisim Transformation completed in 0 CPU seconds
INFO: [Project 1-570] Preparing netlist for logic optimization
INFO: [Opt 31-138] Pushed 0 inverter(s) to 0 load pin(s).
Netlist sorting complete. Time (s): cpu = 00:00:00 ; elapsed = 00:00:00 . Memory (MB): peak = 3392.539 ; gain = 0.000 ; free physical = 78394 ; free virtual = 85658
INFO: [Project 1-111] Unisim Transformation Summary:
  A total of 150 instances were transformed.
  BUFG => BUFGCE: 1 instance 
  DSP48E2 => DSP48E2 (DSP_ALU, DSP_A_B_DATA, DSP_C_DATA, DSP_MULTIPLIER, DSP_M_DATA, DSP_OUTPUT, DSP_PREADD, DSP_PREADD_DATA): 4 instances
  IBUF => IBUF (IBUFCTRL, INBUF): 145 instances

Synth Design complete | Checksum: 29c3fb73
INFO: [Common 17-83] Releasing license: Vivado_Synthesis
15 Infos, 1 Warnings, 0 Critical Warnings and 0 Errors encountered.
synth_design completed successfully
synth_design: Time (s): cpu = 00:00:15 ; elapsed = 00:00:14 . Memory (MB): peak = 3395.508 ; gain = 1684.211 ; free physical = 78394 ; free virtual = 85657
INFO: [Common 17-2834] synth_design peak Physical Memory [PSS] (MB): overall = 2784.086; main = 2784.086; forked = 337.311
INFO: [Common 17-2834] synth_design peak Virtual Memory [VSS] (MB): overall = 4229.414; main = 3395.512; forked = 1040.059
# create_clock -period 2.0 -name clk [get_ports clk]
# set fh [open [file join $outdir report.txt] w]
# puts $fh "DSPs: [llength [get_cells -hier -filter {REF_NAME =~ DSP48E2}]]"
# foreach c [get_cells -hier -filter {REF_NAME =~ DSP48E2}] {
#     puts $fh "--- [get_property NAME $c] PREG=[get_property PREG $c] MREG=[get_property MREG $c]"
#     # cascade sinks of my PCOUT
#     set pco [get_pins -quiet -of $c -filter "REF_PIN_NAME =~ PCOUT*"]
#     set sinks {}
#     foreach p $pco { foreach n [get_nets -quiet -of $p] {
#         foreach s [get_pins -quiet -of $n -filter {REF_PIN_NAME =~ PCIN*}] {
#             lappend sinks [get_property PARENT_CELL $s] } } }
#     set sinks [lsort -unique $sinks]
#     puts $fh "    PCOUT -> [expr {[llength $sinks] ? $sinks : "(none)"}]"
#     # who feeds my PCIN
#     set pci [get_pins -quiet -of $c -filter {REF_PIN_NAME =~ PCIN*}]
#     set srcs {}
#     foreach p $pci { foreach n [get_nets -quiet -of $p] {
#         foreach s [get_pins -quiet -leaf -of $n -filter {DIRECTION == OUT && REF_PIN_NAME =~ PCOUT*}] {
#             lappend srcs [get_property PARENT_CELL $s] } } }
#     set srcs [lsort -unique $srcs]
#     puts $fh "    PCIN <- [expr {[llength $srcs] ? $srcs : "(none)"}]"
# }
# close $fh
# report_utilization -file [file join $outdir util.txt]
INFO: [Common 17-206] Exiting Vivado at Mon Aug 24 21:29:51 2026...
