INFO: [Common 17-3922] A valid Vivado Design Suite BASIC license has been detected. Your current license is active and will expire on 21-jul-2027.

****** Vivado v2026.1 (64-bit)
  **** SW Build 6511674 on Tue Jun 16 11:01:26 MDT 2026
  **** IP Build 6504888 on Tue Jun 09 09:05:25 MDT 2026
  **** SharedData Build 6501428 on Mon Jun 08 17:34:18 MDT 2026
  **** Start of session at: Mon Aug 24 21:27:53 2026
    ** Copyright 1986-2022 Xilinx, Inc. All Rights Reserved.
    ** Copyright 2022-2026 Advanced Micro Devices, Inc. All Rights Reserved.

source tcl/trace_pins.tcl
# set outdir [lindex $argv 0]
# set dcp    [lindex $argv 1]
# open_checkpoint $dcp
Command: open_checkpoint build/synth.dcp

Starting open_checkpoint Task

Time (s): cpu = 00:00:00.02 ; elapsed = 00:00:00.02 . Memory (MB): peak = 1454.113 ; gain = 8.906 ; free physical = 80363 ; free virtual = 87622
INFO: [Device 21-403] Loading part xcku5p-ffva676-1-e
Netlist sorting complete. Time (s): cpu = 00:00:00 ; elapsed = 00:00:00 . Memory (MB): peak = 2809.117 ; gain = 0.000 ; free physical = 79082 ; free virtual = 86345
INFO: [Netlist 29-17] Analyzing 149 Unisim elements for replacement
INFO: [Netlist 29-28] Unisim Transformation completed in 0 CPU seconds
INFO: [Project 1-479] Netlist was created with Vivado 2026.1
INFO: [Project 1-570] Preparing netlist for logic optimization
Read ShapeDB Complete: Time (s): cpu = 00:00:00 ; elapsed = 00:00:00 . Memory (MB): peak = 2809.117 ; gain = 0.000 ; free physical = 79082 ; free virtual = 86343
INFO: [Timing 38-478] Restoring timing data from binary archive.
INFO: [Timing 38-479] Binary timing data restore complete.
INFO: [Project 1-856] Restoring constraints from binary archive.
INFO: [Project 1-853] Binary constraint restore complete.
Netlist sorting complete. Time (s): cpu = 00:00:00 ; elapsed = 00:00:00 . Memory (MB): peak = 3224.402 ; gain = 0.000 ; free physical = 78728 ; free virtual = 85987
INFO: [Project 1-111] Unisim Transformation Summary:
  A total of 149 instances were transformed.
  DSP48E2 => DSP48E2 (DSP_ALU, DSP_A_B_DATA, DSP_C_DATA, DSP_MULTIPLIER, DSP_M_DATA, DSP_OUTPUT, DSP_PREADD, DSP_PREADD_DATA): 4 instances
  IBUF => IBUF (IBUFCTRL, INBUF): 145 instances

INFO: [Project 1-604] Checkpoint was created with Vivado v2026.1 (64-bit) build 6511674
open_checkpoint: Time (s): cpu = 00:00:18 ; elapsed = 00:00:13 . Memory (MB): peak = 3224.438 ; gain = 1786.199 ; free physical = 78728 ; free virtual = 85986
# set fh [open [file join $outdir trace.txt] w]
# foreach c [get_cells -hier -filter {REF_NAME =~ DSP48E2}] {
#     puts $fh "=== [get_property NAME $c]"
#     foreach pin {P PCOUT PCIN C} {
#         set pp [get_pins -quiet -of $c -filter "REF_PIN_NAME =~ \"${pin}*\""]
#         if {[llength $pp]} {
#             set nets {}
#             foreach p $pp {
#                 foreach n [get_nets -quiet -of $p] { lappend nets $n }
#             }
#             set nets [lsort -unique $nets]
#             if {[llength $nets]} {
#                 foreach n $nets {
#                     set drv [get_pins -quiet -leaf -of $n -filter {DIRECTION == OUT && REF_PIN_NAME =~ "P*"}]
#                     puts $fh "  $pin: net '$n' from $drv"
#                 }
#             } else {
#                 puts $fh "  $pin: (no net)"
#             }
#         } else {
#             puts $fh "  $pin: (pin absent)"
#         }
#     }
# }
# close $fh
INFO: [Common 17-206] Exiting Vivado at Mon Aug 24 21:28:08 2026...
